=====================================
Akeneo PIM - Complete Clean Install
Started: Sun May  3 00:35:43 CET 2026
=====================================

[Step 1] Backing up critical files...
✓ Backups created in backups/clean_install_20260503_003543

[Step 2] Removing old directories...
  Removing var/cache...
  ✓ var/cache cleared
  Removing public/css...
  ✓ public/css cleared
  Removing public/js...
  ✓ public/js cleared
  Removing public/dist...
  ✓ public/dist cleared
  Removing public/bundles...
  ✓ public/bundles cleared
✓ All target directories cleaned

[Step 3] Keeping vendor directory (skipping removal)

[Step 4] Installing Composer dependencies...
Composer plugins have been disabled for safety in this non-interactive session.
Set COMPOSER_ALLOW_SUPERUSER=1 if you want to allow plugins to run as root/super user.
Do not run Composer as root/super user! See https://getcomposer.org/root for details
Installing dependencies from lock file
Verifying lock file contents can be installed on current platform.
Nothing to install, update or remove
Package behat/transliterator is abandoned, you should avoid using it. No replacement was suggested.
Package box/spout is abandoned, you should avoid using it. No replacement was suggested.
Package doctrine/annotations is abandoned, you should avoid using it. No replacement was suggested.
Package doctrine/cache is abandoned, you should avoid using it. No replacement was suggested.
Package sensio/framework-extra-bundle is abandoned, you should avoid using it. Use Symfony instead.
Package swiftmailer/swiftmailer is abandoned, you should avoid using it. Use symfony/mailer instead.
Package symfony/swiftmailer-bundle is abandoned, you should avoid using it. Use symfony/mailer instead.
Generating optimized autoload files
Warning: Ambiguous class resolution, "Pim\Upgrade\SchemaHelper" was found in both "/home/pim/public_html/upgrades/SchemaHelper.php" and "/home/pim/public_html/vendor/akeneo/pim-community-dev/upgrades/SchemaHelper.php", the first will be used.
Warning: Ambiguous class resolution, "Pim\Upgrade\test_schema\Version_6_0_20210505180000_add_updated_to_category_Integration" was found in both "/home/pim/public_html/upgrades/test_schema/Version_6_0_20210505180000_add_updated_to_category_Integration.php" and "/home/pim/public_html/vendor/akeneo/pim-community-dev/upgrades/test_schema/Version_6_0_20210505180000_add_updated_to_category_Integration.php", the first will be used.
Warning: Ambiguous class resolution, "Pim\Upgrade\test_schema\Version_6_0_20210415130338_mark_job_execution_as_failed_when_interrupted_Integration" was found in both "/home/pim/public_html/upgrades/test_schema/Version_6_0_20210415130338_mark_job_execution_as_failed_when_interrupted_Integration.php" and "/home/pim/public_html/vendor/akeneo/pim-community-dev/upgrades/test_schema/Version_6_0_20210415130338_mark_job_execution_as_failed_when_interrupted_Integration.php", the first will be used.
Warning: Ambiguous class resolution, "Pim\Upgrade\test_schema\Version_6_0_20220518134914_set_not_null_fields_for_job_and_step_execution_tables_Integration" was found in both "/home/pim/public_html/upgrades/test_schema/Version_6_0_20220518134914_set_not_null_fields_for_job_and_step_execution_tables_Integration.php" and "/home/pim/public_html/vendor/akeneo/pim-community-dev/upgrades/test_schema/Version_6_0_20220518134914_set_not_null_fields_for_job_and_step_execution_tables_Integration.php", the first will be used.
To resolve ambiguity in classes not under your control you can ignore them by path using exclude-from-classmap
Class Pim\Upgrade\Schema\Version_5_0_20200313130000_create_audit_product_table_Integration located in ./upgrades/test_schema/Version_5_0_20200313130000_create_audit_product_table_Integration.php does not comply with psr-4 autoloading standard (rule: Pim\Upgrade\ => ./upgrades). Skipping.
Class Pim\Upgrade\Schema\Tests\Version_4_1_20200127171059_unauthorized_view_all_jobs_permission_Integration located in ./upgrades/test_schema/Version_4_1_20200127171059_unauthorized_view_all_jobs_permission_Integration.php does not comply with psr-4 autoloading standard (rule: Pim\Upgrade\ => ./upgrades). Skipping.
Class Pim\Upgrade\Schema\Tests\Version_5_0_20220830143500_fix_volume_flow_conversion_integration located in ./upgrades/test_schema/Version_5_0_20220830143500_fix_volume_flow_conversion_integration.php does not comply with psr-4 autoloading standard (rule: Pim\Upgrade\ => ./upgrades). Skipping.
Class Pim\Upgrade\Schema\Tests\Version_6_0_20210615084255_add_entity_updated_in_product_mapping_Integration located in ./upgrades/test_schema/Version_6_0_20210615084255_add_entity_updated_in_product_mapping_Integration.php does not comply with psr-4 autoloading standard (rule: Pim\Upgrade\ => ./upgrades). Skipping.
Class Pim\Upgrade\Schema\Version_5_0_20201127102539_fix_pressure_operations_Integration located in ./upgrades/test_schema/Version_5_0_20201127102539_fix_pressure_operations_Integration.php does not comply with psr-4 autoloading standard (rule: Pim\Upgrade\ => ./upgrades). Skipping.
Class Pim\Upgrade\Schema\Tests\Version_5_0_20201207171120_create_connection_events_api_request_count_table_Integration located in ./upgrades/test_schema/Version_5_0_20201207171120_create_connection_events_api_request_count_table_Integration.php does not comply with psr-4 autoloading standard (rule: Pim\Upgrade\ => ./upgrades). Skipping.
Class Pim\Upgrade\Schema\Tests\Version_5_0_20200812135750_DQI_tables_in_CE_Integration located in ./upgrades/test_schema/Version_5_0_20200812135750_DQI_tables_in_CE_Integration.php does not comply with psr-4 autoloading standard (rule: Pim\Upgrade\ => ./upgrades). Skipping.
Class Pim\Upgrade\Schema\Tests\Version_6_0_20210222120000_create_events_api_debug_index_Integration located in ./upgrades/test_schema/Version_6_0_20210222120000_create_events_api_debug_index_Integration.php does not comply with psr-4 autoloading standard (rule: Pim\Upgrade\ => ./upgrades). Skipping.
Class Pim\Upgrade\Schema\Version_5_0_20200313140000_regenerate_missing_data_for_the_connection_audit_Integration located in ./upgrades/test_schema/Version_5_0_20200313140000_regenerate_missing_data_for_the_connection_audit_Integration.php does not comply with psr-4 autoloading standard (rule: Pim\Upgrade\ => ./upgrades). Skipping.
Class Pim\Upgrade\Schema\Version_5_0_20200504084844_add_quantified_column_on_association_type_Integration located in ./upgrades/test_schema/Version_5_0_20200504084844_add_quantified_column_on_association_type_Integration.php does not comply with psr-4 autoloading standard (rule: Pim\Upgrade\ => ./upgrades). Skipping.
Class Pim\Upgrade\Schema\Tests\Version_6_0_20210527144217_dqi_init_recompute_products_scores_Integration located in ./upgrades/test_schema/Version_6_0_20210527144217_dqi_init_recompute_products_scores_Integration.php does not comply with psr-4 autoloading standard (rule: Pim\Upgrade\ => ./upgrades). Skipping.
Class Pim\Upgrade\Schema\Tests\Version_5_0_20200427144538_create_connection_error_index_Integration located in ./upgrades/test_schema/Version_5_0_20200427144538_create_connection_error_index_Integration.php does not comply with psr-4 autoloading standard (rule: Pim\Upgrade\ => ./upgrades). Skipping.
Class Pim\Upgrade\Schema\Tests\Version_5_0_20200827072510_dqi_split_evaluation_job_Integration located in ./upgrades/test_schema/Version_5_0_20200827072510_dqi_split_evaluation_job_Integration.php does not comply with psr-4 autoloading standard (rule: Pim\Upgrade\ => ./upgrades). Skipping.
Class Pim\Upgrade\Schema\Tests\Version_6_0_20211124154203_add_is_visible_in_job_execution_Integration located in ./upgrades/test_schema/Version_6_0_20211124154203_add_is_visible_in_job_execution_Integration.php does not comply with psr-4 autoloading standard (rule: Pim\Upgrade\ => ./upgrades). Skipping.
Class Pim\Upgrade\Schema\Tests\Version_6_0_20220518130906_drop_table_akeneo_batch_job_execution_queue_Integration located in ./upgrades/test_schema/Version_6_0_20220518130906_drop_table_akeneo_batch_job_execution_queue_Integration.php does not comply with psr-4 autoloading standard (rule: Pim\Upgrade\ => ./upgrades). Skipping.
Class Pim\Upgrade\Schema\Tests\Version_6_0_20210330143635_sanitize_users_and_channels_having_link_to_subcategory_Integration located in ./upgrades/test_schema/Version_6_0_20210330143635_sanitize_users_and_channels_having_link_to_subcategory_Integration.php does not comply with psr-4 autoloading standard (rule: Pim\Upgrade\ => ./upgrades). Skipping.
Class Pim\Upgrade\Schema\Version_6_0_20210510102539_fix_micro_operations_Integration located in ./upgrades/test_schema/Version_6_0_20210510102539_fix_micro_operations_Integration.php does not comply with psr-4 autoloading standard (rule: Pim\Upgrade\ => ./upgrades). Skipping.
Class Pim\Upgrade\Schema\Tests\Version_5_0_20200921153252_dqi_create_table_attribute_group_activation_Integration located in ./upgrades/test_schema/Version_5_0_20200921153252_dqi_create_table_attribute_group_activation_Integration.php does not comply with psr-4 autoloading standard (rule: Pim\Upgrade\ => ./upgrades). Skipping.
Class Pim\Upgrade\Schema\Tests\Version_6_0_20211119154203_add_is_stoppable_in_job_execution_Integration located in ./upgrades/test_schema/Version_6_0_20211119154203_add_is_stoppable_in_job_execution_Integration.php does not comply with psr-4 autoloading standard (rule: Pim\Upgrade\ => ./upgrades). Skipping.
Class Pim\Upgrade\Schema\Tests\Version_5_0_20201118133701_migrate_dashboard_rates_projection_to_unique_score_projection_Integration located in ./upgrades/test_schema/Version_5_0_20201118133701_migrate_dashboard_rates_projection_to_unique_score_projection_Integration.php does not comply with psr-4 autoloading standard (rule: Pim\Upgrade\ => ./upgrades). Skipping.
Class Pim\Upgrade\Schema\Tests\Version_6_0_20211025161901_set_default_role_type_Integration located in ./upgrades/test_schema/Version_6_0_20211025161901_set_default_role_type_Integration.php does not comply with psr-4 autoloading standard (rule: Pim\Upgrade\ => ./upgrades). Skipping.
Class Pim\Upgrade\Schema\Tests\Version_5_0_20211018134301_migrate_longtext_to_json_Integration located in ./upgrades/test_schema/Version_5_0_20211018134301_migrate_longtext_to_json_Integration.php does not comply with psr-4 autoloading standard (rule: Pim\Upgrade\ => ./upgrades). Skipping.
Class Pim\Upgrade\Schema\Tests\Version_6_0_20210816123500_add_index_migration_table_Integration located in ./upgrades/test_schema/Version_6_0_20210816123500_add_index_migration_table_Integration.php does not comply with psr-4 autoloading standard (rule: Pim\Upgrade\ => ./upgrades). Skipping.
Class Pim\Upgrade\Schema\Tests\Version_6_0_20211124163100_add_index_to_improve_search_on_job_execution_Integration located in ./upgrades/test_schema/Version_6_0_20211124163100_add_index_to_improve_search_on_job_execution_Integration.php does not comply with psr-4 autoloading standard (rule: Pim\Upgrade\ => ./upgrades). Skipping.
Class Pim\Upgrade\Schema\Tests\Version_5_0_20201118133700_migrate_product_axis_rate_to_unique_score_Integration located in ./upgrades/test_schema/Version_5_0_20201118133700_migrate_product_axis_rate_to_unique_score_Integration.php does not comply with psr-4 autoloading standard (rule: Pim\Upgrade\ => ./upgrades). Skipping.
Class Pim\Upgrade\Schema\Tests\ExecuteMigrationTrait located in ./upgrades/test_schema/ExecuteMigrationTrait.php does not comply with psr-4 autoloading standard (rule: Pim\Upgrade\ => ./upgrades). Skipping.
Class Pim\Upgrade\Schema\Tests\Version_6_0_20211129163800_add_index_on_is_visible_in_job_execution_Integration located in ./upgrades/test_schema/Version_6_0_20211129163800_add_index_on_is_visible_in_job_execution_Integration.php does not comply with psr-4 autoloading standard (rule: Pim\Upgrade\ => ./upgrades). Skipping.
Class Pim\Upgrade\Schema\Tests\Version_6_0_20210524121906_add_profile_to_user_Integration located in ./upgrades/test_schema/Version_6_0_20210524121906_add_profile_to_user_Integration.php does not comply with psr-4 autoloading standard (rule: Pim\Upgrade\ => ./upgrades). Skipping.
Class Pim\Upgrade\Schema\Tests\Version_5_0_20200901102010_add_connection_webhook_columns_Integration located in ./upgrades/test_schema/Version_5_0_20200901102010_add_connection_webhook_columns_Integration.php does not comply with psr-4 autoloading standard (rule: Pim\Upgrade\ => ./upgrades). Skipping.
Class Pim\Upgrade\Schema\Tests\Version_6_0_20210427163307_add_user_account_locking_after_too_many_attempts_Integration located in ./upgrades/test_schema/Version_6_0_20210427163307_add_user_account_locking_after_too_many_attempts_Integration.php does not comply with psr-4 autoloading standard (rule: Pim\Upgrade\ => ./upgrades). Skipping.
Class Pim\Upgrade\Schema\Tests\Version_5_0_20220201155016_add_user_account_locking_after_too_many_attempts_Integration located in ./upgrades/test_schema/Version_5_0_20220201155016_add_user_account_locking_after_too_many_attempts_Integration.php does not comply with psr-4 autoloading standard (rule: Pim\Upgrade\ => ./upgrades). Skipping.
Class Pim\Upgrade\Schema\Tests\Version_5_0_20201123112748_add_attribute_blacklist_table_Integration located in ./upgrades/test_schema/Version_5_0_20201123112748_add_attribute_blacklist_table_Integration.php does not comply with psr-4 autoloading standard (rule: Pim\Upgrade\ => ./upgrades). Skipping.
Class Pim\Upgrade\Schema\Tests\Version_4_0_20200117145507_remove_compute_model_descendant_jobs_Integration located in ./upgrades/test_schema/Version_4_0_20200117145507_remove_compute_model_descendant_jobs_Integration.php does not comply with psr-4 autoloading standard (rule: Pim\Upgrade\ => ./upgrades). Skipping.
Class Pim\Upgrade\Schema\Tests\Version_6_0_20211115143942_add_user_group_type_column_Integration located in ./upgrades/test_schema/Version_6_0_20211115143942_add_user_group_type_column_Integration.php does not comply with psr-4 autoloading standard (rule: Pim\Upgrade\ => ./upgrades). Skipping.
Class Pim\Upgrade\Schema\Tests\Version_6_0_20211213191300_add_index_to_improve_process_tracker_count_query_Integration located in ./upgrades/test_schema/Version_6_0_20211213191300_add_index_to_improve_process_tracker_count_query_Integration.php does not comply with psr-4 autoloading standard (rule: Pim\Upgrade\ => ./upgrades). Skipping.
Class Pim\Upgrade\Schema\Version_5_0_20200429094251_add_quantified_associations_Integration located in ./upgrades/test_schema/Version_5_0_20200429094251_add_quantified_associations_Integration.php does not comply with psr-4 autoloading standard (rule: Pim\Upgrade\ => ./upgrades). Skipping.
Class Pim\Upgrade\Schema\Tests\Version_5_0_20210507154610_update_pim_catalog_completeness_id_Integration located in ./upgrades/test_schema/Version_5_0_20210507154610_update_pim_catalog_completeness_id_Integration.php does not comply with psr-4 autoloading standard (rule: Pim\Upgrade\ => ./upgrades). Skipping.
Class Pim\Upgrade\Schema\Tests\Version_6_0_20211217145100_use_the_new_process_tracker_route_Integration located in ./upgrades/test_schema/Version_6_0_20211217145100_use_the_new_process_tracker_route_Integration.php does not comply with psr-4 autoloading standard (rule: Pim\Upgrade\ => ./upgrades). Skipping.
Class Pim\Upgrade\Schema\Tests\Version_6_0_20230912120502_add_remove_non_existing_values_job_Integration located in ./upgrades/test_schema/Version_6_0_20230912120502_add_remove_non_existing_values_job_Integration.php does not comply with psr-4 autoloading standard (rule: Pim\Upgrade\ => ./upgrades). Skipping.
Class Pim\Upgrade\Schema\Tests\Version_4_0_20200116122239_remove_product_empty_raw_values_Integration located in ./upgrades/test_schema/Version_4_0_20200116122239_remove_product_empty_raw_values_Integration.php does not comply with psr-4 autoloading standard (rule: Pim\Upgrade\ => ./upgrades). Skipping.
Class Pim\Upgrade\Schema\Version_5_0_20200324104437_migrate_measurement_table_Integration located in ./upgrades/test_schema/Version_5_0_20200324104437_migrate_measurement_table_Integration.php does not comply with psr-4 autoloading standard (rule: Pim\Upgrade\ => ./upgrades). Skipping.
Class Pim\Upgrade\Schema\Tests\Version_6_0_20211028125410_add_type_to_connection_Integration located in ./upgrades/test_schema/Version_6_0_20211028125410_add_type_to_connection_Integration.php does not comply with psr-4 autoloading standard (rule: Pim\Upgrade\ => ./upgrades). Skipping.
Class Pim\Upgrade\Schema\Tests\Version_6_0_20230912120752_migrate_longtext_to_json_Integration located in ./upgrades/test_schema/Version_6_0_20230912120752_migrate_longtext_to_json_Integration.php does not comply with psr-4 autoloading standard (rule: Pim\Upgrade\ => ./upgrades). Skipping.
Class Pim\Upgrade\Schema\Tests\Version_4_0_20200728092625_add_remove_non_existing_values_job_Integration located in ./upgrades/test_schema/Version_4_0_20200728092625_add_remove_non_existing_values_job_Integration.php does not comply with psr-4 autoloading standard (rule: Pim\Upgrade\ => ./upgrades). Skipping.
Class Pim\Upgrade\Schema\Tests\Version_6_0_20211221170000_modify_metric_family_and_default_metric_unit_Integration located in ./upgrades/test_schema/Version_6_0_20211221170000_modify_metric_family_and_default_metric_unit_Integration.php does not comply with psr-4 autoloading standard (rule: Pim\Upgrade\ => ./upgrades). Skipping.
Class Pim\Upgrade\Schema\Tests\Version_5_0_20201117133700_add_dqi_unique_score_tables_Integration located in ./upgrades/test_schema/Version_5_0_20201117133700_add_dqi_unique_score_tables_Integration.php does not comply with psr-4 autoloading standard (rule: Pim\Upgrade\ => ./upgrades). Skipping.
Class Pim\Upgrade\Schema\Tests\Version_5_0_20201013070505_add_convert_to_simple_products_job_Integration located in ./upgrades/test_schema/Version_5_0_20201013070505_add_convert_to_simple_products_job_Integration.php does not comply with psr-4 autoloading standard (rule: Pim\Upgrade\ => ./upgrades). Skipping.
Class Pim\Upgrade\Schema\Tests\Version_6_0_20210908142400_add_product_web_api_acl_Integration located in ./upgrades/test_schema/Version_6_0_20210908142400_add_product_web_api_acl_Integration.php does not comply with psr-4 autoloading standard (rule: Pim\Upgrade\ => ./upgrades). Skipping.
Class Pim\Upgrade\Schema\Tests\Version_6_0_20220520114800_add_start_time_index_on_job_execution_Integration located in ./upgrades/test_schema/Version_6_0_20220520114800_add_start_time_index_on_job_execution_Integration.php does not comply with psr-4 autoloading standard (rule: Pim\Upgrade\ => ./upgrades). Skipping.
Class Pim\Upgrade\Schema\Tests\Version_4_0_20200117080512_remove_product_model_empty_raw_values_Integration located in ./upgrades/test_schema/Version_4_0_20200117080512_remove_product_model_empty_raw_values_Integration.php does not comply with psr-4 autoloading standard (rule: Pim\Upgrade\ => ./upgrades). Skipping.
Class Pim\Upgrade\Schema\Tests\Version_6_0_20211130113100_add_index_to_improve_search_on_job_instance_Integration located in ./upgrades/test_schema/Version_6_0_20211130113100_add_index_to_improve_search_on_job_instance_Integration.php does not comply with psr-4 autoloading standard (rule: Pim\Upgrade\ => ./upgrades). Skipping.
Class Pim\Upgrade\Schema\Version_6_0_20210531152335_dqi_launch_recompute_products_scores_Integration located in ./upgrades/test_schema/Version_6_0_20210531152335_dqi_launch_recompute_products_scores_Integration.php does not comply with psr-4 autoloading standard (rule: Pim\Upgrade\ => ./upgrades). Skipping.
Class Pim\Upgrade\Schema\Version_5_0_20200217155537_add_measurement_table_Integration located in ./upgrades/test_schema/Version_5_0_20200217155537_add_measurement_table_Integration.php does not comply with psr-4 autoloading standard (rule: Pim\Upgrade\ => ./upgrades). Skipping.
Class Pim\Upgrade\Schema\Tests\Version_5_0_20201211081205_fix_duration_conversion_Integration located in ./upgrades/test_schema/Version_5_0_20201211081205_fix_duration_conversion_Integration.php does not comply with psr-4 autoloading standard (rule: Pim\Upgrade\ => ./upgrades). Skipping.
Class Pim\Upgrade\Schema\Tests\Version_6_0_20211108160902_fix_oauth_code_fk_Integration located in ./upgrades/test_schema/Version_6_0_20211108160902_fix_oauth_code_fk_Integration.php does not comply with psr-4 autoloading standard (rule: Pim\Upgrade\ => ./upgrades). Skipping.
Class Pim\Upgrade\Schema\Tests\Version_6_0_20230912120410_update_pim_catalog_completeness_id_Integration located in ./upgrades/test_schema/Version_6_0_20230912120410_update_pim_catalog_completeness_id_Integration.php does not comply with psr-4 autoloading standard (rule: Pim\Upgrade\ => ./upgrades). Skipping.
Class Pim\Upgrade\Schema\Tests\Version_6_0_20211207154203_add_is_trackable_in_step_execution_Integration located in ./upgrades/test_schema/Version_6_0_20211207154203_add_is_trackable_in_step_execution_Integration.php does not comply with psr-4 autoloading standard (rule: Pim\Upgrade\ => ./upgrades). Skipping.
Class Pim\Upgrade\Schema\Tests\Version_6_0_20220509143200_use_the_new_process_tracker_route_Integration located in ./upgrades/test_schema/Version_6_0_20220509143200_use_the_new_process_tracker_route_Integration.php does not comply with psr-4 autoloading standard (rule: Pim\Upgrade\ => ./upgrades). Skipping.
Class Pim\Upgrade\Schema\Tests\Version_5_0_20200506131741_create_connection_error_table_Integration located in ./upgrades/test_schema/Version_5_0_20200506131741_create_connection_error_table_Integration.php does not comply with psr-4 autoloading standard (rule: Pim\Upgrade\ => ./upgrades). Skipping.
Class Pim\Upgrade\Schema\Version_5_0_20200320095430_add_is_two_way_col_to_associations_Integration located in ./upgrades/test_schema/Version_5_0_20200320095430_add_is_two_way_col_to_associations_Integration.php does not comply with psr-4 autoloading standard (rule: Pim\Upgrade\ => ./upgrades). Skipping.
Class Pim\Upgrade\Schema\Tests\Version_4_0_20191031124707_update_from_clients_to_connections_Integration located in ./upgrades/test_schema/Version_4_0_20191031124707_update_from_clients_to_connections_Integration.php does not comply with psr-4 autoloading standard (rule: Pim\Upgrade\ => ./upgrades). Skipping.
Class Pim\Upgrade\Schema\Tests\Version_6_0_20211122154203_add_step_count_in_job_execution_Integration located in ./upgrades/test_schema/Version_6_0_20211122154203_add_step_count_in_job_execution_Integration.php does not comply with psr-4 autoloading standard (rule: Pim\Upgrade\ => ./upgrades). Skipping.
Class Pim\Upgrade\Schema\Tests\Version_5_0_20201201092625_add_clean_removed_attribute_job_Integration located in ./upgrades/test_schema/Version_5_0_20201201092625_add_clean_removed_attribute_job_Integration.php does not comply with psr-4 autoloading standard (rule: Pim\Upgrade\ => ./upgrades). Skipping.
Class Pim\Upgrade\Schema\Tests\Version_5_0_20200826153300_add_primary_key_connection_integration located in ./upgrades/test_schema/Version_5_0_20200826153300_add_primary_key_connection_integration.php does not comply with psr-4 autoloading standard (rule: Pim\Upgrade\ => ./upgrades). Skipping.
Class Pim\Upgrade\Schema\Tests\Version_6_0_20220524145600_add_updated_index_on_category_Integration located in ./upgrades/test_schema/Version_6_0_20220524145600_add_updated_index_on_category_Integration.php does not comply with psr-4 autoloading standard (rule: Pim\Upgrade\ => ./upgrades). Skipping.
Class Pim\Upgrade\Schema\Tests\Version_6_0_20211214000000_add_openid_keys_into_pim_configuration_Integration located in ./upgrades/test_schema/Version_6_0_20211214000000_add_openid_keys_into_pim_configuration_Integration.php does not comply with psr-4 autoloading standard (rule: Pim\Upgrade\ => ./upgrades). Skipping.
Class Pim\Upgrade\Schema\Tests\Version_5_0_20220801160000_modify_metric_family_and_default_metric_unit_Integration located in ./upgrades/test_schema/Version_5_0_20220801160000_modify_metric_family_and_default_metric_unit_Integration.php does not comply with psr-4 autoloading standard (rule: Pim\Upgrade\ => ./upgrades). Skipping.
Class Pim\Upgrade\Schema\Version_5_0_20200504084844_add_quantified_column_on_association_type located in ./upgrades/schema/Version_5_0_20200504084844_add_quantified_column_on_association_type.php does not comply with psr-4 autoloading standard (rule: Pim\Upgrade\ => ./upgrades). Skipping.
Class Pim\Upgrade\Schema\Version_6_0_20211124163100_add_index_to_improve_search_on_job_execution located in ./upgrades/schema/Version_6_0_20211124163100_add_index_to_improve_search_on_job_execution.php does not comply with psr-4 autoloading standard (rule: Pim\Upgrade\ => ./upgrades). Skipping.
Class Pim\Upgrade\Schema\Version_6_0_20210819080024_add_warning_count_in_step_execution located in ./upgrades/schema/Version_6_0_20210819080024_add_warning_count_in_step_execution.php does not comply with psr-4 autoloading standard (rule: Pim\Upgrade\ => ./upgrades). Skipping.
Class Pim\Upgrade\Schema\Version_4_0_20200117145507_remove_compute_model_descendant_jobs located in ./upgrades/schema/Version_4_0_20200117145507_remove_compute_model_descendant_jobs.php does not comply with psr-4 autoloading standard (rule: Pim\Upgrade\ => ./upgrades). Skipping.
Class Pim\Upgrade\Schema\Version_5_0_20201208134018_dqi_drop_deprecated_tables located in ./upgrades/schema/Version_5_0_20201208134018_dqi_drop_deprecated_tables.php does not comply with psr-4 autoloading standard (rule: Pim\Upgrade\ => ./upgrades). Skipping.
Class Pim\Upgrade\Schema\Version_6_0_20211130113100_add_index_to_improve_search_on_job_instance located in ./upgrades/schema/Version_6_0_20211130113100_add_index_to_improve_search_on_job_instance.php does not comply with psr-4 autoloading standard (rule: Pim\Upgrade\ => ./upgrades). Skipping.
Class Pim\Upgrade\Schema\Version_6_0_20210818084017_add_marketplace_public_app_id located in ./upgrades/schema/Version_6_0_20210818084017_add_marketplace_public_app_id.php does not comply with psr-4 autoloading standard (rule: Pim\Upgrade\ => ./upgrades). Skipping.
Class Pim\Upgrade\Schema\Version_5_0_20201211081205_fix_duration_conversion located in ./upgrades/schema/Version_5_0_20201211081205_fix_duration_conversion.php does not comply with psr-4 autoloading standard (rule: Pim\Upgrade\ => ./upgrades). Skipping.
Class Pim\Upgrade\Schema\Version_6_0_20210415130338_mark_job_execution_as_failed_when_interrupted located in ./upgrades/schema/Version_6_0_20210415130338_mark_job_execution_as_failed_when_interrupted.php does not comply with psr-4 autoloading standard (rule: Pim\Upgrade\ => ./upgrades). Skipping.
Class Pim\Upgrade\Schema\Version_5_0_20201112083948_add_lock_table located in ./upgrades/schema/Version_5_0_20201112083948_add_lock_table.php does not comply with psr-4 autoloading standard (rule: Pim\Upgrade\ => ./upgrades). Skipping.
Class Pim\Upgrade\Schema\Version_4_0_20200117080512_remove_product_model_empty_raw_values located in ./upgrades/schema/Version_4_0_20200117080512_remove_product_model_empty_raw_values.php does not comply with psr-4 autoloading standard (rule: Pim\Upgrade\ => ./upgrades). Skipping.
Class Pim\Upgrade\Schema\Version_5_0_20201013150950_add_tracking_information located in ./upgrades/schema/Version_5_0_20201013150950_add_tracking_information.php does not comply with psr-4 autoloading standard (rule: Pim\Upgrade\ => ./upgrades). Skipping.
Class Pim\Upgrade\Schema\Version_5_0_20200427144538_create_connection_error_index located in ./upgrades/schema/Version_5_0_20200427144538_create_connection_error_index.php does not comply with psr-4 autoloading standard (rule: Pim\Upgrade\ => ./upgrades). Skipping.
Class Pim\Upgrade\Schema\Version_5_0_20200309165300_remove_product_foreign_key_pim_catalog_completeness located in ./upgrades/schema/Version_5_0_20200309165300_remove_product_foreign_key_pim_catalog_completeness.php does not comply with psr-4 autoloading standard (rule: Pim\Upgrade\ => ./upgrades). Skipping.
Class Pim\Upgrade\Schema\Version_6_0_20210715082931_add_product_web_api_acl located in ./upgrades/schema/Version_6_0_20210715082931_add_product_web_api_acl.php does not comply with psr-4 autoloading standard (rule: Pim\Upgrade\ => ./upgrades). Skipping.
Class Pim\Upgrade\Schema\Version_5_0_20201127102539_fix_pressure_operations located in ./upgrades/schema/Version_5_0_20201127102539_fix_pressure_operations.php does not comply with psr-4 autoloading standard (rule: Pim\Upgrade\ => ./upgrades). Skipping.
Class Pim\Upgrade\Schema\Version_5_0_20200506131741_create_connection_error_table located in ./upgrades/schema/Version_5_0_20200506131741_create_connection_error_table.php does not comply with psr-4 autoloading standard (rule: Pim\Upgrade\ => ./upgrades). Skipping.
Class Pim\Upgrade\Schema\Version_6_0_20210330143635_sanitize_users_and_channels_having_link_to_subcategory located in ./upgrades/schema/Version_6_0_20210330143635_sanitize_users_and_channels_having_link_to_subcategory.php does not comply with psr-4 autoloading standard (rule: Pim\Upgrade\ => ./upgrades). Skipping.
Class Pim\Upgrade\Schema\Version_6_0_20210727080505_add_client_id_and_user_id located in ./upgrades/schema/Version_6_0_20210727080505_add_client_id_and_user_id.php does not comply with psr-4 autoloading standard (rule: Pim\Upgrade\ => ./upgrades). Skipping.
Class Pim\Upgrade\Schema\Version_5_0_20220830143500_fix_volume_flow_conversion located in ./upgrades/schema/Version_5_0_20220830143500_fix_volume_flow_conversion.php does not comply with psr-4 autoloading standard (rule: Pim\Upgrade\ => ./upgrades). Skipping.
Class Pim\Upgrade\Schema\Version_6_0_20210817135301_add_role_type_column located in ./upgrades/schema/Version_6_0_20210817135301_add_role_type_column.php does not comply with psr-4 autoloading standard (rule: Pim\Upgrade\ => ./upgrades). Skipping.
Class Pim\Upgrade\Schema\Version_6_0_20210331105730_remove_datagrid_view_unique_label_constraint located in ./upgrades/schema/Version_6_0_20210331105730_remove_datagrid_view_unique_label_constraint.php does not comply with psr-4 autoloading standard (rule: Pim\Upgrade\ => ./upgrades). Skipping.
Class Pim\Upgrade\Schema\Version_6_0_20220524122443_oro_user_field_consecutive_authentication_failure_counter_is_not_nullable located in ./upgrades/schema/Version_6_0_20220524122443_oro_user_field_consecutive_authentication_failure_counter_is_not_nullable.php does not comply with psr-4 autoloading standard (rule: Pim\Upgrade\ => ./upgrades). Skipping.
Class Pim\Upgrade\Schema\Version_6_0_20210510102539_fix_micro_operations located in ./upgrades/schema/Version_6_0_20210510102539_fix_micro_operations.php does not comply with psr-4 autoloading standard (rule: Pim\Upgrade\ => ./upgrades). Skipping.
Class Pim\Upgrade\Schema\Version_6_0_20210917103700_add_user_group_default_permissions located in ./upgrades/schema/Version_6_0_20210917103700_add_user_group_default_permissions.php does not comply with psr-4 autoloading standard (rule: Pim\Upgrade\ => ./upgrades). Skipping.
Class Pim\Upgrade\Schema\Version_4_0_20200728092625_add_remove_non_existing_values_job located in ./upgrades/schema/Version_4_0_20200728092625_add_remove_non_existing_values_job.php does not comply with psr-4 autoloading standard (rule: Pim\Upgrade\ => ./upgrades). Skipping.
Class Pim\Upgrade\Schema\Version_6_0_20210615084255_add_entity_updated_in_product_mapping located in ./upgrades/schema/Version_6_0_20210615084255_add_entity_updated_in_product_mapping.php does not comply with psr-4 autoloading standard (rule: Pim\Upgrade\ => ./upgrades). Skipping.
Class Pim\Upgrade\Schema\Version_4_0_20191202144736_create_app_audit_table located in ./upgrades/schema/Version_4_0_20191202144736_create_app_audit_table.php does not comply with psr-4 autoloading standard (rule: Pim\Upgrade\ => ./upgrades). Skipping.
Class Pim\Upgrade\Schema\Version_4_0_20191014111427_create_connection_table located in ./upgrades/schema/Version_4_0_20191014111427_create_connection_table.php does not comply with psr-4 autoloading standard (rule: Pim\Upgrade\ => ./upgrades). Skipping.
Class Pim\Upgrade\Schema\Version_5_0_20211018134301_migrate_longtext_to_json located in ./upgrades/schema/Version_5_0_20211018134301_migrate_longtext_to_json.php does not comply with psr-4 autoloading standard (rule: Pim\Upgrade\ => ./upgrades). Skipping.
Class Pim\Upgrade\Schema\Version_5_0_20201118133700_migrate_product_axis_rate_to_unique_score located in ./upgrades/schema/Version_5_0_20201118133700_migrate_product_axis_rate_to_unique_score.php does not comply with psr-4 autoloading standard (rule: Pim\Upgrade\ => ./upgrades). Skipping.
Class Pim\Upgrade\Schema\Version_5_0_20200702232424_create_communication_channel_viewed_announcement_index located in ./upgrades/schema/Version_5_0_20200702232424_create_communication_channel_viewed_announcement_index.php does not comply with psr-4 autoloading standard (rule: Pim\Upgrade\ => ./upgrades). Skipping.
Class Pim\Upgrade\Schema\Version_6_0_20230912120502_add_remove_non_existing_values_job located in ./upgrades/schema/Version_6_0_20230912120502_add_remove_non_existing_values_job.php does not comply with psr-4 autoloading standard (rule: Pim\Upgrade\ => ./upgrades). Skipping.
Class Pim\Upgrade\Schema\Version_5_0_20200429094251_add_quantified_associations located in ./upgrades/schema/Version_5_0_20200429094251_add_quantified_associations.php does not comply with psr-4 autoloading standard (rule: Pim\Upgrade\ => ./upgrades). Skipping.
Class Pim\Upgrade\Schema\Version_5_0_20200313130000_create_audit_product_table located in ./upgrades/schema/Version_5_0_20200313130000_create_audit_product_table.php does not comply with psr-4 autoloading standard (rule: Pim\Upgrade\ => ./upgrades). Skipping.
Class Pim\Upgrade\Schema\Version_4_0_20190822090606_update_empty_raw_values located in ./upgrades/schema/Version_4_0_20190822090606_update_empty_raw_values.php does not comply with psr-4 autoloading standard (rule: Pim\Upgrade\ => ./upgrades). Skipping.
Class Pim\Upgrade\Schema\Version_5_0_20200320095430_add_is_two_way_col_to_associations located in ./upgrades/schema/Version_5_0_20200320095430_add_is_two_way_col_to_associations.php does not comply with psr-4 autoloading standard (rule: Pim\Upgrade\ => ./upgrades). Skipping.
Class Pim\Upgrade\Schema\Version_6_0_20210531152335_dqi_launch_recompute_products_scores located in ./upgrades/schema/Version_6_0_20210531152335_dqi_launch_recompute_products_scores.php does not comply with psr-4 autoloading standard (rule: Pim\Upgrade\ => ./upgrades). Skipping.
Class Pim\Upgrade\Schema\Version_4_0_20190801083247_remove_indexes located in ./upgrades/schema/Version_4_0_20190801083247_remove_indexes.php does not comply with psr-4 autoloading standard (rule: Pim\Upgrade\ => ./upgrades). Skipping.
Class Pim\Upgrade\Schema\Version_5_0_20200217155537_add_measurement_table located in ./upgrades/schema/Version_5_0_20200217155537_add_measurement_table.php does not comply with psr-4 autoloading standard (rule: Pim\Upgrade\ => ./upgrades). Skipping.
Class Pim\Upgrade\Schema\Version_4_1_20200127171059_unauthorized_view_all_jobs_permission located in ./upgrades/schema/Version_4_1_20200127171059_unauthorized_view_all_jobs_permission.php does not comply with psr-4 autoloading standard (rule: Pim\Upgrade\ => ./upgrades). Skipping.
Class Pim\Upgrade\Schema\Version_5_0_20200313140000_regenerate_missing_data_for_the_connection_audit located in ./upgrades/schema/Version_5_0_20200313140000_regenerate_missing_data_for_the_connection_audit.php does not comply with psr-4 autoloading standard (rule: Pim\Upgrade\ => ./upgrades). Skipping.
Class Pim\Upgrade\Schema\Version_6_0_20220518134914_set_not_null_fields_for_job_and_step_execution_tables located in ./upgrades/schema/Version_6_0_20220518134914_set_not_null_fields_for_job_and_step_execution_tables.php does not comply with psr-4 autoloading standard (rule: Pim\Upgrade\ => ./upgrades). Skipping.
Class Pim\Upgrade\Schema\Version_6_0_20211115143942_add_user_group_type_column located in ./upgrades/schema/Version_6_0_20211115143942_add_user_group_type_column.php does not comply with psr-4 autoloading standard (rule: Pim\Upgrade\ => ./upgrades). Skipping.
Class Pim\Upgrade\Schema\Version_6_0_20210901133833_create_connection_app_table located in ./upgrades/schema/Version_6_0_20210901133833_create_connection_app_table.php does not comply with psr-4 autoloading standard (rule: Pim\Upgrade\ => ./upgrades). Skipping.
Class Pim\Upgrade\Schema\Version_6_0_20210211141311_add_attribute_guidelines located in ./upgrades/schema/Version_6_0_20210211141311_add_attribute_guidelines.php does not comply with psr-4 autoloading standard (rule: Pim\Upgrade\ => ./upgrades). Skipping.
Class Pim\Upgrade\Schema\Version_4_0_20200113145800_fix_versioning_indexes located in ./upgrades/schema/Version_4_0_20200113145800_fix_versioning_indexes.php does not comply with psr-4 autoloading standard (rule: Pim\Upgrade\ => ./upgrades). Skipping.
Class Pim\Upgrade\Schema\Version_6_0_20211108160902_fix_oauth_code_fk located in ./upgrades/schema/Version_6_0_20211108160902_fix_oauth_code_fk.php does not comply with psr-4 autoloading standard (rule: Pim\Upgrade\ => ./upgrades). Skipping.
Class Pim\Upgrade\Schema\Version_5_0_20200826153300_add_primary_key_connection located in ./upgrades/schema/Version_5_0_20200826153300_add_primary_key_connection.php does not comply with psr-4 autoloading standard (rule: Pim\Upgrade\ => ./upgrades). Skipping.
Class Pim\Upgrade\Schema\Version_5_0_20200630044018_create_communication_channel_viewed_announcements_table located in ./upgrades/schema/Version_5_0_20200630044018_create_communication_channel_viewed_announcements_table.php does not comply with psr-4 autoloading standard (rule: Pim\Upgrade\ => ./upgrades). Skipping.
Class Pim\Upgrade\Schema\Version_5_0_20200214132042_create_wrong_credentials_combination located in ./upgrades/schema/Version_5_0_20200214132042_create_wrong_credentials_combination.php does not comply with psr-4 autoloading standard (rule: Pim\Upgrade\ => ./upgrades). Skipping.
Class Pim\Upgrade\Schema\Version_6_0_20211217145100_use_the_new_process_tracker_route located in ./upgrades/schema/Version_6_0_20211217145100_use_the_new_process_tracker_route.php does not comply with psr-4 autoloading standard (rule: Pim\Upgrade\ => ./upgrades). Skipping.
Class Pim\Upgrade\Schema\Version_5_0_20201117133700_add_dqi_unique_score_tables located in ./upgrades/schema/Version_5_0_20201117133700_add_dqi_unique_score_tables.php does not comply with psr-4 autoloading standard (rule: Pim\Upgrade\ => ./upgrades). Skipping.
Class Pim\Upgrade\Schema\Version_4_0_20191031124707_update_from_clients_to_connections located in ./upgrades/schema/Version_4_0_20191031124707_update_from_clients_to_connections.php does not comply with psr-4 autoloading standard (rule: Pim\Upgrade\ => ./upgrades). Skipping.
Class Pim\Upgrade\Schema\Version_6_0_20211207154203_add_is_trackable_in_step_execution located in ./upgrades/schema/Version_6_0_20211207154203_add_is_trackable_in_step_execution.php does not comply with psr-4 autoloading standard (rule: Pim\Upgrade\ => ./upgrades). Skipping.
Class Pim\Upgrade\Schema\Version_5_0_20220201155016_add_user_account_locking_after_too_many_attempts located in ./upgrades/schema/Version_5_0_20220201155016_add_user_account_locking_after_too_many_attempts.php does not comply with psr-4 autoloading standard (rule: Pim\Upgrade\ => ./upgrades). Skipping.
Class Pim\Upgrade\Schema\Version_6_0_20220509143200_use_the_new_process_tracker_route located in ./upgrades/schema/Version_6_0_20220509143200_use_the_new_process_tracker_route.php does not comply with psr-4 autoloading standard (rule: Pim\Upgrade\ => ./upgrades). Skipping.
Class Pim\Upgrade\Schema\Version_5_0_20201116133700_dqi_put_elasticsearch_mapping located in ./upgrades/schema/Version_5_0_20201116133700_dqi_put_elasticsearch_mapping.php does not comply with psr-4 autoloading standard (rule: Pim\Upgrade\ => ./upgrades). Skipping.
Class Pim\Upgrade\Schema\Version_5_0_20200220092617_create_read_product located in ./upgrades/schema/Version_5_0_20200220092617_create_read_product.php does not comply with psr-4 autoloading standard (rule: Pim\Upgrade\ => ./upgrades). Skipping.
Class Pim\Upgrade\Schema\Version_6_0_20211028125410_add_type_to_connection located in ./upgrades/schema/Version_6_0_20211028125410_add_type_to_connection.php does not comply with psr-4 autoloading standard (rule: Pim\Upgrade\ => ./upgrades). Skipping.
Class Pim\Upgrade\Schema\Version_5_0_20201123112748_add_attribute_blacklist_table located in ./upgrades/schema/Version_5_0_20201123112748_add_attribute_blacklist_table.php does not comply with psr-4 autoloading standard (rule: Pim\Upgrade\ => ./upgrades). Skipping.
Class Pim\Upgrade\Schema\Version_6_0_20220520114800_add_start_time_index_on_job_execution located in ./upgrades/schema/Version_6_0_20220520114800_add_start_time_index_on_job_execution.php does not comply with psr-4 autoloading standard (rule: Pim\Upgrade\ => ./upgrades). Skipping.
Class Pim\Upgrade\Schema\Version_4_0_20190801084247_remove_native_json_type located in ./upgrades/schema/Version_4_0_20190801084247_remove_native_json_type.php does not comply with psr-4 autoloading standard (rule: Pim\Upgrade\ => ./upgrades). Skipping.
Class Pim\Upgrade\Schema\Version_5_0_20200221154552_connection_is_auditable located in ./upgrades/schema/Version_5_0_20200221154552_connection_is_auditable.php does not comply with psr-4 autoloading standard (rule: Pim\Upgrade\ => ./upgrades). Skipping.
Class Pim\Upgrade\Schema\Version_4_0_20191223132437_data_quality_insights_add_dynamic_template located in ./upgrades/schema/Version_4_0_20191223132437_data_quality_insights_add_dynamic_template.php does not comply with psr-4 autoloading standard (rule: Pim\Upgrade\ => ./upgrades). Skipping.
Class Pim\Upgrade\Schema\Version_5_0_20200316172600_remove_read_product located in ./upgrades/schema/Version_5_0_20200316172600_remove_read_product.php does not comply with psr-4 autoloading standard (rule: Pim\Upgrade\ => ./upgrades). Skipping.
Class Pim\Upgrade\Schema\Version_5_0_20200827093636_increase_attribute_max_characters located in ./upgrades/schema/Version_5_0_20200827093636_increase_attribute_max_characters.php does not comply with psr-4 autoloading standard (rule: Pim\Upgrade\ => ./upgrades). Skipping.
Class Pim\Upgrade\Schema\Version_6_0_20220518130906_drop_table_akeneo_batch_job_execution_queue located in ./upgrades/schema/Version_6_0_20220518130906_drop_table_akeneo_batch_job_execution_queue.php does not comply with psr-4 autoloading standard (rule: Pim\Upgrade\ => ./upgrades). Skipping.
Class Pim\Upgrade\Schema\Version_6_0_20210524121906_add_profile_to_user located in ./upgrades/schema/Version_6_0_20210524121906_add_profile_to_user.php does not comply with psr-4 autoloading standard (rule: Pim\Upgrade\ => ./upgrades). Skipping.
Class Pim\Upgrade\Schema\Version_5_0_20201013070505_add_convert_to_simple_products_job located in ./upgrades/schema/Version_5_0_20201013070505_add_convert_to_simple_products_job.php does not comply with psr-4 autoloading standard (rule: Pim\Upgrade\ => ./upgrades). Skipping.
Class Pim\Upgrade\Schema\Version_6_0_20210908142400_add_product_web_api_acl located in ./upgrades/schema/Version_6_0_20210908142400_add_product_web_api_acl.php does not comply with psr-4 autoloading standard (rule: Pim\Upgrade\ => ./upgrades). Skipping.
Class Pim\Upgrade\Schema\Version_5_0_20200304140000_remove_nested_set_columns_product_model located in ./upgrades/schema/Version_5_0_20200304140000_remove_nested_set_columns_product_model.php does not comply with psr-4 autoloading standard (rule: Pim\Upgrade\ => ./upgrades). Skipping.
Class Pim\Upgrade\Schema\Version_5_0_20210507154610_update_pim_catalog_completeness_id located in ./upgrades/schema/Version_5_0_20210507154610_update_pim_catalog_completeness_id.php does not comply with psr-4 autoloading standard (rule: Pim\Upgrade\ => ./upgrades). Skipping.
Class Pim\Upgrade\Schema\Version_6_0_20211221170000_modify_metric_family_and_default_metric_unit located in ./upgrades/schema/Version_6_0_20211221170000_modify_metric_family_and_default_metric_unit.php does not comply with psr-4 autoloading standard (rule: Pim\Upgrade\ => ./upgrades). Skipping.
Class Pim\Upgrade\Schema\Version_4_0_20200311140000_create_audit_product_table located in ./upgrades/schema/Version_4_0_20200311140000_create_audit_product_table.php does not comply with psr-4 autoloading standard (rule: Pim\Upgrade\ => ./upgrades). Skipping.
Class Pim\Upgrade\Schema\Version_6_0_20230912120752_migrate_longtext_to_json located in ./upgrades/schema/Version_6_0_20230912120752_migrate_longtext_to_json.php does not comply with psr-4 autoloading standard (rule: Pim\Upgrade\ => ./upgrades). Skipping.
Class Pim\Upgrade\Schema\Version_6_0_20210505180000_add_updated_to_category located in ./upgrades/schema/Version_6_0_20210505180000_add_updated_to_category.php does not comply with psr-4 autoloading standard (rule: Pim\Upgrade\ => ./upgrades). Skipping.
Class Pim\Upgrade\Schema\Version_5_0_20200827072510_dqi_split_evaluation_job located in ./upgrades/schema/Version_5_0_20200827072510_dqi_split_evaluation_job.php does not comply with psr-4 autoloading standard (rule: Pim\Upgrade\ => ./upgrades). Skipping.
Class Pim\Upgrade\Schema\Version_6_0_20220524145600_add_updated_index_on_category located in ./upgrades/schema/Version_6_0_20220524145600_add_updated_index_on_category.php does not comply with psr-4 autoloading standard (rule: Pim\Upgrade\ => ./upgrades). Skipping.
Class Pim\Upgrade\Schema\Version_6_0_20211213191300_add_index_to_improve_process_tracker_count_query located in ./upgrades/schema/Version_6_0_20211213191300_add_index_to_improve_process_tracker_count_query.php does not comply with psr-4 autoloading standard (rule: Pim\Upgrade\ => ./upgrades). Skipping.
Class Pim\Upgrade\Schema\Version_5_0_20200901102010_add_connection_webhook_columns located in ./upgrades/schema/Version_5_0_20200901102010_add_connection_webhook_columns.php does not comply with psr-4 autoloading standard (rule: Pim\Upgrade\ => ./upgrades). Skipping.
Class Pim\Upgrade\Schema\Version_5_0_20201207171120_create_connection_events_api_request_count_table located in ./upgrades/schema/Version_5_0_20201207171120_create_connection_events_api_request_count_table.php does not comply with psr-4 autoloading standard (rule: Pim\Upgrade\ => ./upgrades). Skipping.
Class Pim\Upgrade\Schema\Version_5_0_20220801160000_modify_metric_family_and_default_metric_unit located in ./upgrades/schema/Version_5_0_20220801160000_modify_metric_family_and_default_metric_unit.php does not comply with psr-4 autoloading standard (rule: Pim\Upgrade\ => ./upgrades). Skipping.
Class Pim\Upgrade\Schema\Version_6_0_20210222120000_create_events_api_debug_index located in ./upgrades/schema/Version_6_0_20210222120000_create_events_api_debug_index.php does not comply with psr-4 autoloading standard (rule: Pim\Upgrade\ => ./upgrades). Skipping.
Class Pim\Upgrade\Schema\Version_6_0_20211119154203_add_is_stoppable_in_job_execution located in ./upgrades/schema/Version_6_0_20211119154203_add_is_stoppable_in_job_execution.php does not comply with psr-4 autoloading standard (rule: Pim\Upgrade\ => ./upgrades). Skipping.
Class Pim\Upgrade\Schema\Version_5_0_20200812135750_DQI_tables_in_CE located in ./upgrades/schema/Version_5_0_20200812135750_DQI_tables_in_CE.php does not comply with psr-4 autoloading standard (rule: Pim\Upgrade\ => ./upgrades). Skipping.
Class Pim\Upgrade\Schema\Version_6_0_20211214000000_add_openid_keys_into_pim_configuration located in ./upgrades/schema/Version_6_0_20211214000000_add_openid_keys_into_pim_configuration.php does not comply with psr-4 autoloading standard (rule: Pim\Upgrade\ => ./upgrades). Skipping.
Class Pim\Upgrade\Schema\Version_4_0_20191013162543_update_user_table located in ./upgrades/schema/Version_4_0_20191013162543_update_user_table.php does not comply with psr-4 autoloading standard (rule: Pim\Upgrade\ => ./upgrades). Skipping.
Class Pim\Upgrade\Schema\Version_4_0_20200415194400_remove_product_foreign_key_pim_catalog_completeness located in ./upgrades/schema/Version_4_0_20200415194400_remove_product_foreign_key_pim_catalog_completeness.php does not comply with psr-4 autoloading standard (rule: Pim\Upgrade\ => ./upgrades). Skipping.
Class Pim\Upgrade\Schema\Version_5_0_20200324104437_migrate_measurement_table located in ./upgrades/schema/Version_5_0_20200324104437_migrate_measurement_table.php does not comply with psr-4 autoloading standard (rule: Pim\Upgrade\ => ./upgrades). Skipping.
Class Pim\Upgrade\Schema\Version_6_0_20210527144217_dqi_init_recompute_products_scores located in ./upgrades/schema/Version_6_0_20210527144217_dqi_init_recompute_products_scores.php does not comply with psr-4 autoloading standard (rule: Pim\Upgrade\ => ./upgrades). Skipping.
Class Pim\Upgrade\Schema\Version_4_0_20190813091149_remove_missing_attributes_and_ratio_from_completeness located in ./upgrades/schema/Version_4_0_20190813091149_remove_missing_attributes_and_ratio_from_completeness.php does not comply with psr-4 autoloading standard (rule: Pim\Upgrade\ => ./upgrades). Skipping.
Class Pim\Upgrade\Schema\Version_6_0_20210816123500_add_index_migration_table located in ./upgrades/schema/Version_6_0_20210816123500_add_index_migration_table.php does not comply with psr-4 autoloading standard (rule: Pim\Upgrade\ => ./upgrades). Skipping.
Class Pim\Upgrade\Schema\Version_6_0_20211129163800_add_index_on_is_visible_in_job_execution located in ./upgrades/schema/Version_6_0_20211129163800_add_index_on_is_visible_in_job_execution.php does not comply with psr-4 autoloading standard (rule: Pim\Upgrade\ => ./upgrades). Skipping.
Class Pim\Upgrade\Schema\Version_4_0_20200116122239_remove_product_empty_raw_values located in ./upgrades/schema/Version_4_0_20200116122239_remove_product_empty_raw_values.php does not comply with psr-4 autoloading standard (rule: Pim\Upgrade\ => ./upgrades). Skipping.
Class Pim\Upgrade\Schema\Version_6_0_20210427163307_add_user_account_locking_after_too_many_attempts located in ./upgrades/schema/Version_6_0_20210427163307_add_user_account_locking_after_too_many_attempts.php does not comply with psr-4 autoloading standard (rule: Pim\Upgrade\ => ./upgrades). Skipping.
Class Pim\Upgrade\Schema\Version_6_0_20211122154203_add_step_count_in_job_execution located in ./upgrades/schema/Version_6_0_20211122154203_add_step_count_in_job_execution.php does not comply with psr-4 autoloading standard (rule: Pim\Upgrade\ => ./upgrades). Skipping.
Class Pim\Upgrade\Schema\Version_6_0_20211124154203_add_is_visible_in_job_execution located in ./upgrades/schema/Version_6_0_20211124154203_add_is_visible_in_job_execution.php does not comply with psr-4 autoloading standard (rule: Pim\Upgrade\ => ./upgrades). Skipping.
Class Pim\Upgrade\Schema\Version_5_0_20201118133701_migrate_dashboard_rates_projection_to_unique_score_projection located in ./upgrades/schema/Version_5_0_20201118133701_migrate_dashboard_rates_projection_to_unique_score_projection.php does not comply with psr-4 autoloading standard (rule: Pim\Upgrade\ => ./upgrades). Skipping.
Class Pim\Upgrade\Schema\Version_5_0_20201201092625_add_clean_removed_attribute_job located in ./upgrades/schema/Version_5_0_20201201092625_add_clean_removed_attribute_job.php does not comply with psr-4 autoloading standard (rule: Pim\Upgrade\ => ./upgrades). Skipping.
Class Pim\Upgrade\Schema\Version_6_0_20230912120410_update_pim_catalog_completeness_id located in ./upgrades/schema/Version_6_0_20230912120410_update_pim_catalog_completeness_id.php does not comply with psr-4 autoloading standard (rule: Pim\Upgrade\ => ./upgrades). Skipping.
Class Pim\Upgrade\Schema\Version_6_0_20211025161901_set_default_role_type located in ./upgrades/schema/Version_6_0_20211025161901_set_default_role_type.php does not comply with psr-4 autoloading standard (rule: Pim\Upgrade\ => ./upgrades). Skipping.
Class Pim\Upgrade\Schema\Version_4_0_20191031000000_modify_session_lifetime_type located in ./upgrades/schema/Version_4_0_20191031000000_modify_session_lifetime_type.php does not comply with psr-4 autoloading standard (rule: Pim\Upgrade\ => ./upgrades). Skipping.
Class Pim\Upgrade\Schema\Version_5_0_20201117164000_add_messenger_table located in ./upgrades/schema/Version_5_0_20201117164000_add_messenger_table.php does not comply with psr-4 autoloading standard (rule: Pim\Upgrade\ => ./upgrades). Skipping.
Class Pim\Upgrade\Schema\Version_5_0_20200921153252_dqi_create_table_attribute_group_activation located in ./upgrades/schema/Version_5_0_20200921153252_dqi_create_table_attribute_group_activation.php does not comply with psr-4 autoloading standard (rule: Pim\Upgrade\ => ./upgrades). Skipping.
Class Pim\Upgrade\Schema\Version_6_0_20211209000000_add_akeneo_connectivity_user_consent_table located in ./upgrades/schema/Version_6_0_20211209000000_add_akeneo_connectivity_user_consent_table.php does not comply with psr-4 autoloading standard (rule: Pim\Upgrade\ => ./upgrades). Skipping.
Class Pim\Upgrade\Schema\Version_5_0_20201201095420_dqi_rework_evaluations_storage located in ./upgrades/schema/Version_5_0_20201201095420_dqi_rework_evaluations_storage.php does not comply with psr-4 autoloading standard (rule: Pim\Upgrade\ => ./upgrades). Skipping.
Class App\EventSubscriber\CategoryEventSubscriber located in ./src/EventSubscriber/CategoryEventSubscriber.php does not comply with psr-0 autoloading standard (rule:  => ./src). Skipping.
Class App\EventSubscriber\ProductEventSubscriber located in ./src/EventSubscriber/ProductEventSubscriber.php does not comply with psr-0 autoloading standard (rule:  => ./src). Skipping.
Class App\EventSubscriber\ProductModelEventSubscriber located in ./src/EventSubscriber/ProductModelEventSubscriber.php does not comply with psr-0 autoloading standard (rule:  => ./src). Skipping.
Class App\EventSubscriber\SystemErrorEventSubscriber located in ./src/EventSubscriber/SystemErrorEventSubscriber.php does not comply with psr-0 autoloading standard (rule:  => ./src). Skipping.
Class App\EventSubscriber\CatalogNotificationSubscriber located in ./src/EventSubscriber/CatalogNotificationSubscriber.php does not comply with psr-0 autoloading standard (rule:  => ./src). Skipping.
102 packages you are using are looking for funding.
Use the `composer fund` command to find out more!
> vendor/akeneo/pim-community-dev/std-build/install-required-files.sh
src/ directory already exists. Not preparing the directory content.
✓ Composer install attempted

[Step 5] Installing Node.js dependencies (root)...
npm error code EUNSUPPORTEDPROTOCOL
npm error Unsupported URL Type "link:": link:front-packages/akeneo-design-system
npm error A complete log of this run can be found in: /root/.npm/_logs/2026-05-02T23_35_49_850Z-debug-0.log
✓ Root npm install attempted

[Step 6] Installing Node.js dependencies in vendor build directory...

up to date, audited 40 packages in 387ms

6 packages are looking for funding
  run `npm fund` for details

found 0 vulnerabilities
✓ Build directory npm install attempted

[Step 7] Verifying required Node modules...
  ✗ colors missing - installing...
npm error code EUNSUPPORTEDPROTOCOL
npm error Unsupported URL Type "link:": link:front-packages/akeneo-design-system
npm error A complete log of this run can be found in: /root/.npm/_logs/2026-05-02T23_35_54_837Z-debug-0.log
  ✗ less missing - installing...
npm error code EUNSUPPORTEDPROTOCOL
npm error Unsupported URL Type "link:": link:front-packages/akeneo-design-system
npm error A complete log of this run can be found in: /root/.npm/_logs/2026-05-02T23_35_57_543Z-debug-0.log
  ✗ deepmerge missing - installing...
npm error code EUNSUPPORTEDPROTOCOL
npm error Unsupported URL Type "link:": link:front-packages/akeneo-design-system
npm error A complete log of this run can be found in: /root/.npm/_logs/2026-05-02T23_36_00_407Z-debug-0.log
  ✗ yamljs missing - installing...
npm error code EUNSUPPORTEDPROTOCOL
npm error Unsupported URL Type "link:": link:front-packages/akeneo-design-system
npm error A complete log of this run can be found in: /root/.npm/_logs/2026-05-02T23_36_05_534Z-debug-0.log
  ✓ glob found
  ✓ semver found

=====================================
Clean installation phase completed!
Completed: Sun May  3 00:36:10 CET 2026
Log file: /home/pim/public_html/CLEAN_INSTALL_20260503_003543.log
=====================================
