=== EMERGENCY FRONTEND FIX ===
Date: Wed Apr 29 20:55:06 CET 2026

Step 1: Locating require.min.js...
  ⚠️  Not found in vendor, downloading from CDN...
  ✅ Downloaded from CDN

Step 2: Setting up require.js configuration...
  ⚠️  Creating minimal config...
  ✅ Minimal config created

Step 3: Clearing webpack cache...
  ✅ Cache cleared

Step 4: Verifying critical files...
  ✅ public/js/require.min.js
  ✅ public/js/fos_js_routes.json
  ✅ public/bundles/fosjsrouting/js/router.min.js

Step 6: Fixing permissions...
  ✅ Permissions fixed

=== SUMMARY ===
✅ All critical files in place

NEXT STEPS:
1. Clear browser cache (Ctrl+Shift+Delete)
2. Hard reload (Ctrl+Shift+R)
3. If errors persist, the webpack build needs manual intervention

Fix completed: Wed Apr 29 20:55:09 CET 2026
