=== AKENEO FRONTEND ASSET REBUILD ===
Date: 2026-04-29 19:53:32

Step 1: Detecting Akeneo version...
  Found: akeneo/pim-community-dev @ ^6.0.0

Step 2: Clearing all caches...

 // Clearing the cache for the prod environment with debug                      
 // false                                                                       

 [OK] Cache for the "prod" environment (debug=false) was successfully cleared.  


Step 3: Regenerating JavaScript routing...
Dumping exposed routes.

[file+] public/js/fos_js_routes.json

Step 4: Checking for webpack build requirement...
  Webpack configuration found
  Installing node dependencies...
yarn install v1.22.22
warning package-lock.json found. Your project contains lock files generated by tools other than Yarn. It is advised not to mix package managers in order to avoid resolution inconsistencies caused by unsynchronized lock files. To clear this warning, remove package-lock.json.
[1/4] Resolving packages...
[2/4] Fetching packages...
warning Pattern ["@akeneo-pim-community/shared@link:vendor/akeneo/pim-community-dev/front-packages/shared"] is trying to unpack in the same destination "/usr/local/share/.cache/yarn/v6/npm-@akeneo-pim-community-shared-1.0.0/node_modules/@akeneo-pim-community/shared" as pattern ["@akeneo-pim-community/shared@1.0.0","@akeneo-pim-community/shared@1.0.0"]. This could result in non-deterministic behavior, skipping.
[3/4] Linking dependencies...
warning " > akeneo-design-system@4.0.7" has incorrect peer dependency "@types/react@^17.0.2||^18.0.0".
warning " > akeneo-design-system@4.0.7" has incorrect peer dependency "@types/react-dom@^17.0.2||^18.0.0".
warning " > akeneo-design-system@4.0.7" has incorrect peer dependency "react@^17.0.2||^18.0.0".
warning " > akeneo-design-system@4.0.7" has incorrect peer dependency "react-dom@^17.0.2||^18.0.0".
warning " > akeneo-design-system@4.0.7" has unmet peer dependency "styled-components@^5.3.3||^6.1.11".
warning " > @akeneo-pim-community/process-tracker@0.1.0" has incorrect peer dependency "babel-loader@8.1.0".
warning " > @akeneo-pim-community/process-tracker@0.1.0" has unmet peer dependency "eslint@^7.11.0".
warning " > @akeneo-pim-community/process-tracker@0.1.0" has incorrect peer dependency "react@^17.0.2".
warning " > @akeneo-pim-community/process-tracker@0.1.0" has incorrect peer dependency "react-dom@^17.0.2".
warning " > @akeneo-pim-community/process-tracker@0.1.0" has unmet peer dependency "styled-components@^5.1.1".
warning " > @akeneo-pim-community/catalog-volume-monitoring@0.1.0" has incorrect peer dependency "babel-loader@8.1.0".
warning " > @akeneo-pim-community/catalog-volume-monitoring@0.1.0" has unmet peer dependency "eslint@^7.11.0".
warning " > @akeneo-pim-community/catalog-volume-monitoring@0.1.0" has incorrect peer dependency "react@^17.0.2".
warning " > @akeneo-pim-community/catalog-volume-monitoring@0.1.0" has incorrect peer dependency "react-dom@^17.0.2".
warning " > @akeneo-pim-community/catalog-volume-monitoring@0.1.0" has unmet peer dependency "styled-components@^5.1.1".
warning "workspace-aggregator-5b605aaa-4c3d-47c7-b842-e8b0bc39cf50 > pim-community-dev > styled-components@5.3.11" has unmet peer dependency "react-is@>= 16.8.0".
warning "workspace-aggregator-5b605aaa-4c3d-47c7-b842-e8b0bc39cf50 > pim-community-dev > @testing-library/user-event@12.8.3" has unmet peer dependency "@testing-library/dom@>=7.21.4".
warning "workspace-aggregator-5b605aaa-4c3d-47c7-b842-e8b0bc39cf50 > pim-community-dev > eslint-config-react-app@6.0.0" has incorrect peer dependency "eslint@^7.5.0".
warning "workspace-aggregator-5b605aaa-4c3d-47c7-b842-e8b0bc39cf50 > pim-community-dev > eslint-config-react-app@6.0.0" has incorrect peer dependency "eslint-plugin-react-hooks@^4.0.8".
warning "workspace-aggregator-5b605aaa-4c3d-47c7-b842-e8b0bc39cf50 > pim-community-dev > eslint-plugin-flowtype@5.10.0" has incorrect peer dependency "eslint@^7.1.0".
warning "workspace-aggregator-5b605aaa-4c3d-47c7-b842-e8b0bc39cf50 > pim-community-dev > akeneo-design-system > react-draft-wysiwyg > draftjs-utils@0.10.2" has incorrect peer dependency "draft-js@^0.11.x".
[4/4] Building fresh packages...
Done in 7.09s.

  Building webpack bundles...
yarn run v1.22.22
$ yarn requirements && yarn generate-models && NODE_OPTIONS=--openssl-legacy-provider NODE_PATH=node_modules webpack --config $npm_package_config_source/webpack.config.js --env=prod --mode=production
$ node $npm_package_config_source/frontend/build/check-requirements.js
Checking PIM frontend requirements
$ node $npm_package_config_source/frontend/build/generate-models.js || echo 'Skipping model generation temporarily'
node:internal/modules/cjs/loader:1210
  throw err;
  ^

Error: Cannot find module '/home/pim/public_html/vendor/akeneo/pim-community-dev/frontend/build/generate-models.js'
    at Module._resolveFilename (node:internal/modules/cjs/loader:1207:15)
    at Module._load (node:internal/modules/cjs/loader:1038:27)
    at Function.executeUserEntryPoint [as runMain] (node:internal/modules/run_main:164:12)
    at node:internal/main/run_main_module:28:49 {
  code: 'MODULE_NOT_FOUND',
  requireStack: []
}

Node.js v20.20.0
Skipping model generation temporarily
Starting webpack from /home/pim/public_html in prod mode 
(node:3714419) [DEP_WEBPACK_MAIN_TEMPLATE_HASH_FOR_CHUNK] DeprecationWarning: MainTemplate.hooks.hashForChunk is deprecated (use JavascriptModulesPlugin.getCompilationHooks().chunkHash instead)
(Use `node --trace-deprecation ...` to show where the warning was created)
(node:3714419) [DEP_WEBPACK_CHUNK_TEMPLATE_HASH_FOR_CHUNK] DeprecationWarning: ChunkTemplate.hooks.hashForChunk is deprecated (use JavascriptModulesPlugin.getCompilationHooks().chunkHash instead)
(node:3714419) [DEP_WEBPACK_COMPILATION_OPTIMIZE_CHUNK_ASSETS] DeprecationWarning: optimizeChunkAssets is deprecated (use Compilation.hooks.processAssets instead and use one of Compilation.PROCESS_ASSETS_STAGE_* as stage option)
[baseline-browser-mapping] The data in this module is over two months old.  To ensure accurate Baseline data, please update: `npm i baseline-browser-mapping@latest -D`
DeprecationWarning: 'createLiteral' has been deprecated since v4.0.0. Use `factory.createStringLiteral`, `factory.createStringLiteralFromNode`, `factory.createNumericLiteral`, `factory.createBigIntLiteral`, `factory.createTrue`, `factory.createFalse`, or the factory supplied by your transformation context instead.
DeprecationWarning: 'createPropertyAssignment' has been deprecated since v4.0.0. Use the appropriate method on 'ts.factory' or the 'factory' supplied by your transformation context instead.
DeprecationWarning: '' has been deprecated since v4.0.0. Use the appropriate method on 'ts.factory' or the 'factory' supplied by your transformation context instead.
DeprecationWarning: 'createObjectLiteralExpression' has been deprecated since v4.0.0. Use the appropriate method on 'ts.factory' or the 'factory' supplied by your transformation context instead.
DeprecationWarning: 'createCallExpression' has been deprecated since v4.0.0. Use the appropriate method on 'ts.factory' or the 'factory' supplied by your transformation context instead.
[webpack-cli] Error: Conflict: Multiple chunks emit assets to the same filename main.min.js (chunks 792 and 407)
    at /home/pim/public_html/node_modules/webpack/lib/Compilation.js:5092:12
    at /home/pim/public_html/node_modules/webpack/lib/Cache.js:100:5
    at Hook.eval [as callAsync] (eval at create (/home/pim/public_html/node_modules/webpack/node_modules/tapable/lib/HookCodeFactory.js:31:10), <anonymous>:6:1)
    at Cache.get (/home/pim/public_html/node_modules/webpack/lib/Cache.js:82:18)
    at ItemCacheFacade.get (/home/pim/public_html/node_modules/webpack/lib/CacheFacade.js:115:15)
    at /home/pim/public_html/node_modules/webpack/lib/Compilation.js:5034:22
    at arrayEach (/home/pim/public_html/node_modules/neo-async/async.js:2405:9)
    at Object.each (/home/pim/public_html/node_modules/neo-async/async.js:2846:9)
    at /home/pim/public_html/node_modules/webpack/lib/Compilation.js:5023:14
    at symbolIterator (/home/pim/public_html/node_modules/neo-async/async.js:3482:9)
    at timesSync (/home/pim/public_html/node_modules/neo-async/async.js:2297:7)
    at Object.eachLimit (/home/pim/public_html/node_modules/neo-async/async.js:3463:5)
    at Compilation.createChunkAssets (/home/pim/public_html/node_modules/webpack/lib/Compilation.js:4996:12)
    at /home/pim/public_html/node_modules/webpack/lib/Compilation.js:3477:14
    at /home/pim/public_html/node_modules/webpack/lib/Compilation.js:3669:6
    at /home/pim/public_html/node_modules/neo-async/async.js:2818:7
    at done (/home/pim/public_html/node_modules/neo-async/async.js:3522:9)
    at /home/pim/public_html/node_modules/webpack/lib/Compilation.js:3630:8
    at /home/pim/public_html/node_modules/webpack/lib/Compilation.js:3744:6
    at /home/pim/public_html/node_modules/webpack/lib/HookWebpackError.js:66:2
    at Hook.eval [as callAsync] (eval at create (/home/pim/public_html/node_modules/webpack/node_modules/tapable/lib/HookCodeFactory.js:31:10), <anonymous>:6:1)
    at Cache.store (/home/pim/public_html/node_modules/webpack/lib/Cache.js:114:20)
    at ItemCacheFacade.store (/home/pim/public_html/node_modules/webpack/lib/CacheFacade.js:141:15)
    at /home/pim/public_html/node_modules/webpack/lib/Compilation.js:3743:11
    at /home/pim/public_html/node_modules/webpack/lib/Cache.js:100:5
    at Hook.eval [as callAsync] (eval at create (/home/pim/public_html/node_modules/webpack/node_modules/tapable/lib/HookCodeFactory.js:31:10), <anonymous>:6:1)
    at Cache.get (/home/pim/public_html/node_modules/webpack/lib/Cache.js:82:18)
    at ItemCacheFacade.get (/home/pim/public_html/node_modules/webpack/lib/CacheFacade.js:115:15)
    at Compilation._codeGenerationModule (/home/pim/public_html/node_modules/webpack/lib/Compilation.js:3711:9)
    at /home/pim/public_html/node_modules/webpack/lib/Compilation.js:3616:11
    at arrayIterator (/home/pim/public_html/node_modules/neo-async/async.js:3467:9)
    at done (/home/pim/public_html/node_modules/neo-async/async.js:3527:9)
    at /home/pim/public_html/node_modules/webpack/lib/Compilation.js:3630:8
    at /home/pim/public_html/node_modules/webpack/lib/Compilation.js:3744:6
    at /home/pim/public_html/node_modules/webpack/lib/HookWebpackError.js:66:2
    at Hook.eval [as callAsync] (eval at create (/home/pim/public_html/node_modules/webpack/node_modules/tapable/lib/HookCodeFactory.js:31:10), <anonymous>:6:1)
    at Cache.store (/home/pim/public_html/node_modules/webpack/lib/Cache.js:114:20)
    at ItemCacheFacade.store (/home/pim/public_html/node_modules/webpack/lib/CacheFacade.js:141:15)
    at /home/pim/public_html/node_modules/webpack/lib/Compilation.js:3743:11
    at /home/pim/public_html/node_modules/webpack/lib/Cache.js:100:5
    at Hook.eval [as callAsync] (eval at create (/home/pim/public_html/node_modules/webpack/node_modules/tapable/lib/HookCodeFactory.js:31:10), <anonymous>:6:1)
    at Cache.get (/home/pim/public_html/node_modules/webpack/lib/Cache.js:82:18)
    at ItemCacheFacade.get (/home/pim/public_html/node_modules/webpack/lib/CacheFacade.js:115:15)
    at Compilation._codeGenerationModule (/home/pim/public_html/node_modules/webpack/lib/Compilation.js:3711:9)
    at /home/pim/public_html/node_modules/webpack/lib/Compilation.js:3616:11
    at arrayIterator (/home/pim/public_html/node_modules/neo-async/async.js:3467:9)
    at timesSync (/home/pim/public_html/node_modules/neo-async/async.js:2297:7)
    at Object.eachLimit (/home/pim/public_html/node_modules/neo-async/async.js:3463:5)
    at runIteration (/home/pim/public_html/node_modules/webpack/lib/Compilation.js:3593:13)
    at Compilation._runCodeGenerationJobs (/home/pim/public_html/node_modules/webpack/lib/Compilation.js:3673:3)
error Command failed with exit code 2.
info Visit https://yarnpkg.com/en/docs/cli/run for documentation about this command.

Step 5: Installing Akeneo assets...
Akeneo PIM assets
Dumping exposed routes.

[file+] /home/pim/public_html/src/../public/js/fos_js_routes.json

 Installing assets as hard copies.

 --- ------------------------------------ ---------------- 
      Bundle                               Method / Error  
 --- ------------------------------------ ---------------- 
  ✔   FOSJsRoutingBundle                   copy            
  ✔   OroConfigBundle                      copy            
  ✔   AkeneoMeasureBundle                  copy            
  ✔   PimUserBundle                        copy            
  ✔   AkeneoPimEnrichmentBundle            copy            
  ✔   AkeneoPimStructureBundle             copy            
  ✔   PimAnalyticsBundle                   copy            
  ✔   PimDashboardBundle                   copy            
  ✔   PimDataGridBundle                    copy            
  ✔   PimImportExportBundle                copy            
  ✔   PimNotificationBundle                copy            
  ✔   PimUIBundle                          copy            
  ✔   AkeneoConnectivityConnectionBundle   copy            
  ✔   AkeneoCommunicationChannelBundle     copy            
  ✔   AkeneoDataQualityInsightsBundle      copy            
  ✔   AkeneoJobBundle                      copy            
 --- ------------------------------------ ---------------- 

 ! [NOTE] Some assets were installed via copy. If you make changes to these     
 !        assets you have to run this command again.                            

 [OK] All assets were successfully installed.                                   

Generating require.js main config
19:54:30 [file+] ca_ES.js
19:54:30 [file+] da_DK.js
19:54:30 [file+] de_DE.js
19:54:30 [file+] en_AU.js
19:54:30 [file+] en_GB.js
19:54:30 [file+] en_NZ.js
19:54:30 [file+] en_US.js
19:54:30 [file+] es_ES.js
19:54:30 [file+] fi_FI.js
19:54:30 [file+] fr_FR.js
19:54:30 [file+] hr_HR.js
19:54:30 [file+] it_IT.js
19:54:31 [file+] ja_JP.js
19:54:31 [file+] ko_KR.js
19:54:31 [file+] nl_NL.js
19:54:31 [file+] pl_PL.js
19:54:31 [file+] pt_BR.js
19:54:31 [file+] pt_PT.js
19:54:31 [file+] ru_RU.js
19:54:31 [file+] sv_SE.js
19:54:31 [file+] sv_SE.js
19:54:31 [file+] tl_PH.js
19:54:31 [file+] zh_CN.js

 Trying to install assets as relative symbolic links.

 --- ------------------------------------ ------------------ 
      Bundle                               Method / Error    
 --- ------------------------------------ ------------------ 
  ✔   FOSJsRoutingBundle                   relative symlink  
  ✔   OroConfigBundle                      relative symlink  
  ✔   AkeneoMeasureBundle                  relative symlink  
  ✔   PimUserBundle                        relative symlink  
  ✔   AkeneoPimEnrichmentBundle            relative symlink  
  ✔   AkeneoPimStructureBundle             relative symlink  
  ✔   PimAnalyticsBundle                   relative symlink  
  ✔   PimDashboardBundle                   relative symlink  
  ✔   PimDataGridBundle                    relative symlink  
  ✔   PimImportExportBundle                relative symlink  
  ✔   PimNotificationBundle                relative symlink  
  ✔   PimUIBundle                          relative symlink  
  ✔   AkeneoConnectivityConnectionBundle   relative symlink  
  ✔   AkeneoCommunicationChannelBundle     relative symlink  
  ✔   AkeneoDataQualityInsightsBundle      relative symlink  
  ✔   AkeneoJobBundle                      relative symlink  
 --- ------------------------------------ ------------------ 

 [OK] All assets were successfully installed.                                   


Step 6: Verifying critical JavaScript files...
  ❌ RequireJS loader: public/js/require.min.js
  ✅ FOS JS routing config: public/js/fos_js_routes.json
  ✅ PIM UI JavaScript bundle: public/bundles/pimui/js/
  ✅ FOS routing bundle: public/bundles/fosjsrouting/

Step 7: Fixing permissions...

Step 8: Diagnostic checks...
  ❌ RequireJS main config missing: public/js/require-config.js
  Found 0 module.js files

=== SUMMARY ===
⚠️  Some assets are missing

TROUBLESHOOTING:
1. The module-registry error suggests RequireJS configuration issues
2. Run: yarn run webpack --mode=production
3. If that fails, run: php bin/console pim:install --force --env=prod
   (WARNING: This will reset the database)

Fix completed: 2026-04-29 19:54:31
