=====================================
Akeneo PIM - Frontend Assets Rebuild
Started: Sun May  3 00:37:01 CET 2026
=====================================

[Step 1] Generating require-paths.js...

Deprecated: ini_set(): assert.warning INI setting is deprecated in /home/pim/public_html/vendor/symfony/error-handler/Debug.php on line 34

Deprecated: DateTime::__construct(): Passing null to parameter #1 ($datetime) of type string is deprecated in /home/pim/public_html/vendor/monolog/monolog/src/Monolog/Logger.php on line 324
23:37:08 WARNING   [app] E_WARNING: Trying to access array offset on false ["code" => 2,"message" => "Trying to access array offset on false","file" => "/home/pim/public_html/vendor/akeneo/pim-community-dev/src/Akeneo/Tool/Bundle/StorageUtilsBundle/Doctrine/DBAL/Types/UTCDateTimeType.php","line" => 60]

Deprecated: DateTime::__construct(): Passing null to parameter #1 ($datetime) of type string is deprecated in /home/pim/public_html/vendor/monolog/monolog/src/Monolog/Logger.php on line 324
23:37:08 WARNING   [app] E_WARNING: Trying to access array offset on false ["code" => 2,"message" => "Trying to access array offset on false","file" => "/home/pim/public_html/vendor/akeneo/pim-community-dev/src/Akeneo/Tool/Bundle/StorageUtilsBundle/Doctrine/DBAL/Types/UTCDateTimeType.php","line" => 60]
Generating require.js main config
✓ require-paths.js generated (4.0K)

[Step 2] Generating extensions.json...
Updating form extensions.json
node:internal/modules/cjs/loader:1386
  throw err;
  ^

Error: Cannot find module '/home/pim/public_html/vendor/akeneo/pim-community-dev/frontend/build/public/js/require-paths'
Require stack:
- /home/pim/public_html/vendor/akeneo/pim-community-dev/frontend/build/update-extensions.js
    at Function._resolveFilename (node:internal/modules/cjs/loader:1383:15)
    at defaultResolveImpl (node:internal/modules/cjs/loader:1025:19)
    at resolveForCJSWithHooks (node:internal/modules/cjs/loader:1030:22)
    at Function._load (node:internal/modules/cjs/loader:1192:37)
    at TracingChannel.traceSync (node:diagnostics_channel:328:14)
    at wrapModuleLoad (node:internal/modules/cjs/loader:237:24)
    at Module.require (node:internal/modules/cjs/loader:1463:12)
    at require (node:internal/modules/helpers:147:16)
    at getExtensionsFromRequiredBundles (/home/pim/public_html/vendor/akeneo/pim-community-dev/frontend/build/update-extensions.js:53:29)
    at Object.<anonymous> (/home/pim/public_html/vendor/akeneo/pim-community-dev/frontend/build/update-extensions.js:111:20) {
  code: 'MODULE_NOT_FOUND',
  requireStack: [
    '/home/pim/public_html/vendor/akeneo/pim-community-dev/frontend/build/update-extensions.js'
  ]
}

Node.js v22.22.2
✓ extensions.json copied from web/js to public/js

[Step 3] Compiling LESS to CSS...
/home/pim/public_html/vendor/akeneo/pim-community-dev/frontend/build/public/js/require-paths does not exist - Run "bin/console pim:installer:dump-require-paths" and try again.
✗ pim.css not found

[Step 4] Installing Akeneo assets...

Deprecated: ini_set(): assert.warning INI setting is deprecated in /home/pim/public_html/vendor/symfony/error-handler/Debug.php on line 34

Deprecated: DateTime::__construct(): Passing null to parameter #1 ($datetime) of type string is deprecated in /home/pim/public_html/vendor/monolog/monolog/src/Monolog/Logger.php on line 324

Deprecated: DateTime::__construct(): Passing null to parameter #1 ($datetime) of type string is deprecated in /home/pim/public_html/vendor/monolog/monolog/src/Monolog/Logger.php on line 324
23:37:09 WARNING   [app] E_WARNING: Trying to access array offset on false ["code" => 2,"message" => "Trying to access array offset on false","file" => "/home/pim/public_html/vendor/akeneo/pim-community-dev/src/Akeneo/Tool/Bundle/StorageUtilsBundle/Doctrine/DBAL/Types/UTCDateTimeType.php","line" => 60]

Deprecated: DateTime::__construct(): Passing null to parameter #1 ($datetime) of type string is deprecated in /home/pim/public_html/vendor/monolog/monolog/src/Monolog/Logger.php on line 324
23:37:09 WARNING   [app] E_WARNING: Trying to access array offset on false ["code" => 2,"message" => "Trying to access array offset on false","file" => "/home/pim/public_html/vendor/akeneo/pim-community-dev/src/Akeneo/Tool/Bundle/StorageUtilsBundle/Doctrine/DBAL/Types/UTCDateTimeType.php","line" => 60]
Akeneo PIM assets
Dumping exposed routes.

[file+] /home/pim/public_html/src/../public/js/fos_js_routes.json

 Installing assets as hard copies.

 --- ------------------------------------ ---------------- 
      Bundle                               Method / Error  
 --- ------------------------------------ ---------------- 
  ✔   FOSJsRoutingBundle                   copy            
  ✔   OroConfigBundle                      copy            
  ✔   AkeneoMeasureBundle                  copy            
  ✔   PimUserBundle                        copy            
  ✔   AkeneoPimEnrichmentBundle            copy            
  ✔   AkeneoPimStructureBundle             copy            
  ✔   PimAnalyticsBundle                   copy            
  ✔   PimDashboardBundle                   copy            
  ✔   PimDataGridBundle                    copy            
  ✔   PimImportExportBundle                copy            
  ✔   PimNotificationBundle                copy            
  ✔   PimUIBundle                          copy            
  ✔   AkeneoConnectivityConnectionBundle   copy            
  ✔   AkeneoCommunicationChannelBundle     copy            
  ✔   AkeneoDataQualityInsightsBundle      copy            
  ✔   AkeneoJobBundle                      copy            
 --- ------------------------------------ ---------------- 

 ! [NOTE] Some assets were installed via copy. If you make changes to these     
 !        assets you have to run this command again.                            

 [OK] All assets were successfully installed.                                   


Deprecated: DateTime::__construct(): Passing null to parameter #1 ($datetime) of type string is deprecated in /home/pim/public_html/vendor/monolog/monolog/src/Monolog/Logger.php on line 324
23:37:09 WARNING   [app] E_WARNING: Trying to access array offset on false ["code" => 2,"message" => "Trying to access array offset on false","file" => "/home/pim/public_html/vendor/akeneo/pim-community-dev/src/Akeneo/Tool/Bundle/StorageUtilsBundle/Doctrine/DBAL/Types/UTCDateTimeType.php","line" => 60]

Deprecated: DateTime::__construct(): Passing null to parameter #1 ($datetime) of type string is deprecated in /home/pim/public_html/vendor/monolog/monolog/src/Monolog/Logger.php on line 324
23:37:09 WARNING   [app] E_WARNING: Trying to access array offset on false ["code" => 2,"message" => "Trying to access array offset on false","file" => "/home/pim/public_html/vendor/akeneo/pim-community-dev/src/Akeneo/Tool/Bundle/StorageUtilsBundle/Doctrine/DBAL/Types/UTCDateTimeType.php","line" => 60]
Generating require.js main config

Deprecated: DateTime::__construct(): Passing null to parameter #1 ($datetime) of type string is deprecated in /home/pim/public_html/vendor/monolog/monolog/src/Monolog/Logger.php on line 324

Deprecated: DateTime::__construct(): Passing null to parameter #1 ($datetime) of type string is deprecated in /home/pim/public_html/vendor/monolog/monolog/src/Monolog/Logger.php on line 324

Deprecated: DateTime::__construct(): Passing null to parameter #1 ($datetime) of type string is deprecated in /home/pim/public_html/vendor/monolog/monolog/src/Monolog/Logger.php on line 324

Deprecated: DateTime::__construct(): Passing null to parameter #1 ($datetime) of type string is deprecated in /home/pim/public_html/vendor/monolog/monolog/src/Monolog/Logger.php on line 324

Deprecated: DateTime::__construct(): Passing null to parameter #1 ($datetime) of type string is deprecated in /home/pim/public_html/vendor/monolog/monolog/src/Monolog/Logger.php on line 324

Deprecated: DateTime::__construct(): Passing null to parameter #1 ($datetime) of type string is deprecated in /home/pim/public_html/vendor/monolog/monolog/src/Monolog/Logger.php on line 324

Deprecated: DateTime::__construct(): Passing null to parameter #1 ($datetime) of type string is deprecated in /home/pim/public_html/vendor/monolog/monolog/src/Monolog/Logger.php on line 324

Deprecated: DateTime::__construct(): Passing null to parameter #1 ($datetime) of type string is deprecated in /home/pim/public_html/vendor/monolog/monolog/src/Monolog/Logger.php on line 324

Deprecated: DateTime::__construct(): Passing null to parameter #1 ($datetime) of type string is deprecated in /home/pim/public_html/vendor/monolog/monolog/src/Monolog/Logger.php on line 324

Deprecated: DateTime::__construct(): Passing null to parameter #1 ($datetime) of type string is deprecated in /home/pim/public_html/vendor/monolog/monolog/src/Monolog/Logger.php on line 324

Deprecated: DateTime::__construct(): Passing null to parameter #1 ($datetime) of type string is deprecated in /home/pim/public_html/vendor/monolog/monolog/src/Monolog/Logger.php on line 324

Deprecated: DateTime::__construct(): Passing null to parameter #1 ($datetime) of type string is deprecated in /home/pim/public_html/vendor/monolog/monolog/src/Monolog/Logger.php on line 324

Deprecated: DateTime::__construct(): Passing null to parameter #1 ($datetime) of type string is deprecated in /home/pim/public_html/vendor/monolog/monolog/src/Monolog/Logger.php on line 324

Deprecated: DateTime::__construct(): Passing null to parameter #1 ($datetime) of type string is deprecated in /home/pim/public_html/vendor/monolog/monolog/src/Monolog/Logger.php on line 324

Deprecated: DateTime::__construct(): Passing null to parameter #1 ($datetime) of type string is deprecated in /home/pim/public_html/vendor/monolog/monolog/src/Monolog/Logger.php on line 324

Deprecated: DateTime::__construct(): Passing null to parameter #1 ($datetime) of type string is deprecated in /home/pim/public_html/vendor/monolog/monolog/src/Monolog/Logger.php on line 324

Deprecated: DateTime::__construct(): Passing null to parameter #1 ($datetime) of type string is deprecated in /home/pim/public_html/vendor/monolog/monolog/src/Monolog/Logger.php on line 324

Deprecated: DateTime::__construct(): Passing null to parameter #1 ($datetime) of type string is deprecated in /home/pim/public_html/vendor/monolog/monolog/src/Monolog/Logger.php on line 324

Deprecated: DateTime::__construct(): Passing null to parameter #1 ($datetime) of type string is deprecated in /home/pim/public_html/vendor/monolog/monolog/src/Monolog/Logger.php on line 324

Deprecated: DateTime::__construct(): Passing null to parameter #1 ($datetime) of type string is deprecated in /home/pim/public_html/vendor/monolog/monolog/src/Monolog/Logger.php on line 324
23:37:10 [file+] ca_ES.js
23:37:10 [file+] da_DK.js
23:37:10 [file+] de_DE.js
23:37:10 [file+] en_AU.js
23:37:10 [file+] en_GB.js
23:37:10 [file+] en_NZ.js
23:37:10 [file+] en_US.js
23:37:10 [file+] es_ES.js
23:37:10 [file+] fi_FI.js
23:37:11 [file+] fr_FR.js
23:37:11 [file+] hr_HR.js
23:37:11 [file+] it_IT.js
23:37:11 [file+] ja_JP.js
23:37:11 [file+] ko_KR.js
23:37:11 [file+] nl_NL.js
23:37:11 [file+] pl_PL.js
23:37:11 [file+] pt_BR.js
23:37:11 [file+] pt_PT.js
23:37:11 [file+] ru_RU.js
23:37:11 [file+] sv_SE.js
23:37:11 [file+] sv_SE.js
23:37:11 [file+] tl_PH.js
23:37:12 [file+] zh_CN.js

 Trying to install assets as relative symbolic links.

 --- ------------------------------------ ------------------ 
      Bundle                               Method / Error    
 --- ------------------------------------ ------------------ 
  ✔   FOSJsRoutingBundle                   relative symlink  
  ✔   OroConfigBundle                      relative symlink  
  ✔   AkeneoMeasureBundle                  relative symlink  
  ✔   PimUserBundle                        relative symlink  
  ✔   AkeneoPimEnrichmentBundle            relative symlink  
  ✔   AkeneoPimStructureBundle             relative symlink  
  ✔   PimAnalyticsBundle                   relative symlink  
  ✔   PimDashboardBundle                   relative symlink  
  ✔   PimDataGridBundle                    relative symlink  
  ✔   PimImportExportBundle                relative symlink  
  ✔   PimNotificationBundle                relative symlink  
  ✔   PimUIBundle                          relative symlink  
  ✔   AkeneoConnectivityConnectionBundle   relative symlink  
  ✔   AkeneoCommunicationChannelBundle     relative symlink  
  ✔   AkeneoDataQualityInsightsBundle      relative symlink  
  ✔   AkeneoJobBundle                      relative symlink  
 --- ------------------------------------ ------------------ 

 [OK] All assets were successfully installed.                                   


[Step 5] Verifying critical files...
  ✓ public/js/require-paths.js (4.0K)
  ✗ public/js/extensions.json MISSING
  ✗ public/css/pim.css MISSING
  ✓ public/bundles/pimui/js/index.js (4.0K)

[Step 6] Checking bundle symlinks...
  Total bundle symlinks: 16

=====================================
Frontend rebuild completed!
Completed: Sun May  3 00:37:12 CET 2026
Log file: /home/pim/public_html/REBUILD_FRONTEND_20260503_003701.log
=====================================
