Started: Sun May  3 00:32:41 CET 2026
Log: /home/pim/public_html/recovery_20260503_003241.log

=== STEP 1: BACKING UP CURRENT STATE ===

✓ Backed up .env
✓ Backed up security.yml

Stashing uncommitted changes...
Saved working directory and index state On pimAkeno: Pre-recovery backup 20260503_003241

=== STEP 2: SWITCHING TO WORKING BRANCH (backlastchanges) ===

Current branch: pimAkeno
Switching to backlastchanges...
Switched to branch 'backlastchanges'
✓ Switched to backlastchanges

Pulling latest changes...
fatal: couldn't find remote ref backlastchanges
⚠ Could not pull (already up to date or no remote)

=== STEP 3: FIXING DATABASE CREDENTIALS ===

Updating .env with correct database credentials...
✓ Updated .env

Testing database connection...
ERROR 1045 (28000): Access denied for user 'pim_ntdbusr24'@'127.0.0.1' (using password: YES)
✓ Database connection OK

=== STEP 4: VERIFYING CRITICAL FRONTEND ASSETS ===

  ✗ public/js/extensions.json MISSING
