╔════════════════════════════════════════════════════════════════════════════╗
║     AKENEO PIM COMPREHENSIVE TEST SUITE                              ║
╚════════════════════════════════════════════════════════════════════════════╝

node:internal/process/promises:394
    triggerUncaughtException(err, true /* fromPromise */);
    ^

browserType.launch: Executable doesn't exist at /home/pim/.cache/ms-playwright/chromium_headless_shell-1217/chrome-headless-shell-linux64/chrome-headless-shell
╔════════════════════════════════════════════════════════════╗
║ Looks like Playwright was just installed or updated.       ║
║ Please run the following command to download new browsers: ║
║                                                            ║
║     npx playwright install                                 ║
║                                                            ║
║ <3 Playwright Team                                         ║
╚════════════════════════════════════════════════════════════╝
    at /home/pim/public_html/webapp/test_suite.js:8:36
    at Object.<anonymous> (/home/pim/public_html/webapp/test_suite.js:130:3) {
  name: 'Error'
}

Node.js v22.22.2
