=== Playwright test run at Sun May  3 23:50:51 UTC 2026 ===
Installing playwright...
╔════════════════════════════════════════════════════════════════════════════╗
║     AKENEO PIM COMPREHENSIVE TEST SUITE                              ║
╚════════════════════════════════════════════════════════════════════════════╝


[TEST 1] Login Page
✓ Login page loads
✓ Has Akeneo logo
✓ Has username input
✓ Has password input

[TEST 2] Login Submit
✓ Session created
✓ Logged in

[TEST 3] Dashboard
✓ Dashboard loads
✓ Has menu
✓ Has user

[TEST 4] Root (/)
✓ Root loads

[TEST 5] Enrich Product (/enrich/product)
✓ Enrich product loads
✓ Has datagrid

[TEST 6] Settings (/settings)
✓ Settings loads

[TEST 7] CSS Assets
✓ CSS accessible
✓ CSS has content

============================================================
TEST RESULTS
============================================================
✓ Login page loads
✓ Has Akeneo logo
✓ Has username input
✓ Has password input
✓ Session created
✓ Logged in
✓ Dashboard loads
✓ Has menu
✓ Has user
✓ Root loads
✓ Enrich product loads
✓ Has datagrid
✓ Settings loads
✓ CSS accessible
✓ CSS has content

============================================================
TOTAL: 15 Passed, 0 Failed
============================================================
=== Playwright run completed at Sun May  3 23:51:34 UTC 2026 ===
