╔═══════════════════════════════════════════════════════════════════╗
║        APPLY ALL FIXES AND OPTIMIZE AKENEO DATA                 ║
╚═══════════════════════════════════════════════════════════════════╝
Date: 2026-04-29 19:34:14

✅ Database connected

--- FIX 1: LOCALE CONFIGURATION ---
  ✓ Locale fr_FR already active
  ✓ Locale en_US already active
  ✓ Locale ar_DZ already active

--- FIX 2: CHANNEL-LOCALE ASSOCIATIONS ---

--- FIX 3: CATEGORY TRANSLATIONS ---
  ✓ All categories have translations

--- FIX 4: DATA QUALITY STATISTICS ---
  📊 Total Products: 9538
  📊 Products with Categories: 9538 (100%)
  📊 Total Categories: 166
  📊 Total Attributes: 112

--- FIX 5: ATTRIBUTE COVERAGE ---
  📊 Product Name: 8880 products (93.1%)
  📊 Description: 9163 products (96.07%)
  📊 Main Image: 8777 products (92.02%)
  📊 Price: 9538 products (100%)

--- FIX 6: EMPTY CATEGORIES ANALYSIS ---
  📊 Empty categories: 31
  💡 These can be kept for future use or deleted

╔═══════════════════════════════════════════════════════════════════╗
║                        FIXES SUMMARY                              ║
╚═══════════════════════════════════════════════════════════════════╝

Total fixes applied: 0

Results:
  • Locale configuration: OK
  • Channel-locale associations: OK
  • Category translations: OK (0 added)
  • Data quality: 9538 products, 100% categorized
  • Attribute coverage: Analyzed
  • Empty categories: 31 identified

=== NEXT RECOMMENDED ACTIONS ===

1. Clear cache:
   cd /home/pim/public_html && php bin/console cache:clear --env=prod

2. Recalculate completeness:
   cd /home/pim/public_html && php bin/console pim:completeness:calculate --env=prod

3. Import product images:
   - File: /home/pim/public_html/webapp/image_import_20260429_151054.csv
   - Products: 9,399 (98.54% coverage)
   - Method: Akeneo UI > Imports > Create profile

4. Import SEO metadata:
   - File: /home/pim/public_html/webapp/metadata_exports/metadata_export_20260429_185245.csv
   - Products: 9,538 (100% coverage)
   - Method: Akeneo UI > Imports > Create profile

5. Sync to Magento:
   cd /home/pim/public_html && php bin/console akeneo:batch:publish-product-batch --env=prod

✅ All fixes applied successfully!
📝 Log saved to: apply_all_fixes_20260429_193414.log
