
================================================================================
COMPREHENSIVE ATTRIBUTE FIELD AUDIT
Date: 2026-04-27 17:49:25
================================================================================


--------------------------------------------------------------------------------
1. ATTRIBUTE KEYS AND CODES VALIDATION
--------------------------------------------------------------------------------
Total Attributes: 112
Valid Code Format: 112 (100%)
Naming Issues: 0


✓ No duplicate attribute codes found.

--------------------------------------------------------------------------------
2. ATTRIBUTE VALUES AUDIT
--------------------------------------------------------------------------------

Attribute Usage in Families:
Attribute                           Type                        Required   Families
-------------------------------------------------------------------------------------
sku                                 ntifier                          Yes          0 ⚠

Attributes not used in any family: 0

--------------------------------------------------------------------------------
3. ATTRIBUTE OPTIONS AUDIT
--------------------------------------------------------------------------------

Fatal error: Uncaught PDOException: SQLSTATE[42S02]: Base table or view not found: 1146 Table 'akeneo_pim.pim_catalog_attribute_option_translation' doesn't exist in /home/pim/public_html/webapp/comprehensive_attribute_field_audit.php:183
Stack trace:
#0 /home/pim/public_html/webapp/comprehensive_attribute_field_audit.php(183): PDO->query('\nSELECT \n    a....')
#1 {main}
  thrown in /home/pim/public_html/webapp/comprehensive_attribute_field_audit.php on line 183
