
--------------------------------------------------------------------------------
1. ATTRIBUTE KEYS AND CODES VALIDATION
--------------------------------------------------------------------------------
Total Attributes: 112
Valid Code Format: 112 (100%)
Naming Issues: 0


✓ No duplicate attribute codes found.

--------------------------------------------------------------------------------
2. ATTRIBUTE VALUES AUDIT
--------------------------------------------------------------------------------

Attribute Usage in Families:
Attribute                           Type                        Required   Families
-------------------------------------------------------------------------------------
sku                                 ntifier                           No          0 ⚠

Attributes not used in any family: 0

--------------------------------------------------------------------------------
3. ATTRIBUTE OPTIONS AUDIT
--------------------------------------------------------------------------------

Top 20 Attributes by Number of Options:
Attribute                         Options     Unique     Labels Locales             
------------------------------------------------------------------------------------------
color                                 631        631        631 fr_FR               
size                                   17         17         17 fr_FR               

✓ All option codes follow naming conventions.

--------------------------------------------------------------------------------
4. ATTRIBUTE GROUP ASSIGNMENTS
--------------------------------------------------------------------------------

Attribute Group Distribution:
Group Code                     Sort Order Attributes
-------------------------------------------------------
general                                 1         56
technical                               2          3
marketing                               3          0
product_details                        10          5
dimensions_shape                       20          6
pricing                                30         12
content_description                    40          4
seo                                    45          5
images_media                           50         13
giftcard                               60          0
design                                 70          4
manufacturer                           80          2
shipping                               90          2
other                                 100          0

⚠ Empty Groups Found: marketing, giftcard, other

✓ All attributes are assigned to groups.

--------------------------------------------------------------------------------
5. LOCALIZATION COMPLETENESS
--------------------------------------------------------------------------------
Active Locales: en_US, fr_FR

Localizable Attributes: 33
Expected Translations per Attribute: 2

Attributes with Missing Translations (top 20):
  - en_promo: 1/2 locales (fr_FR)
  - gallery: 1/2 locales (fr_FR)
  - has_options: 1/2 locales (fr_FR)
  - image_label: 1/2 locales (fr_FR)
  - links_title: 1/2 locales (fr_FR)
  - media_gallery: 1/2 locales (fr_FR)
  - meta_keywords: 1/2 locales (fr_FR)
  - mwishlist_sku: 1/2 locales (fr_FR)
  - quickorder_sku: 1/2 locales (fr_FR)
  - samples_title: 1/2 locales (fr_FR)
  - simple_preselect: 1/2 locales (fr_FR)
  - sm_degree_height: 1/2 locales (fr_FR)
  - sm_degree_index: 1/2 locales (fr_FR)
  - sm_degree_path: 1/2 locales (fr_FR)
  - sm_degree_width: 1/2 locales (fr_FR)
  - sm_sizechart: 1/2 locales (fr_FR)
  - small_image_label: 1/2 locales (fr_FR)
  - techno_ref: 1/2 locales (fr_FR)
  - thumbnail_label: 1/2 locales (fr_FR)

--------------------------------------------------------------------------------
6. FAMILY-ATTRIBUTE RELATIONSHIPS
--------------------------------------------------------------------------------
Family-Attribute Mapping:
Family                             Total Attrs        Required
