=== COMPREHENSIVE STABILITY AUDIT - 2026-04-29 11:07:46 ===

📊 SYSTEM HEALTH METRICS
--------------------------------------------------------------------------------
System Uptime: 12:07:46 up 23 days, 13:33,  3 users,  load average: 7.57, 9.28, 8.92
Load Average: 1min=7.57, 5min=9.28, 15min=8.92
Disk Space: 1370.18 GB free of 1826.93 GB
Memory: Mem:           31Gi        15Gi       3.5Gi       1.3Gi        12Gi        13Gi

Load Status: ⚠️ WARNING

🗄️ DATABASE HEALTH & INTEGRITY
--------------------------------------------------------------------------------
Akeneo DB Size: 65.70 MB across 98 tables
Table Integrity: ✅ All tables healthy
DB Connections: 9 / 200
Slow Queries (24h): 0

🏭 AKENEO PLATFORM STATUS
--------------------------------------------------------------------------------
Total Products: 9538
Total Attributes: 112
Total Families: 18
Total Channels: 3
Total Categories: 166
Total Options: 648
