
--------------------------------------------------------------------------------
1. PRODUCT COUNT AND SKU MATCHING
--------------------------------------------------------------------------------
Akeneo PIM:
  Total Products: 9538
  Enabled: 9538
  Disabled: 0

Magento Beta:
  Total Products: 9538
  Unique SKUs: 9538

✓ Product counts match perfectly!

✓ All Akeneo SKUs exist in Magento

--------------------------------------------------------------------------------
2. CATEGORY STRUCTURE CONSISTENCY
--------------------------------------------------------------------------------
Akeneo Categories: 166
Magento Categories: 166
✓ Category counts match (±2 for system categories)

--------------------------------------------------------------------------------
3. PRODUCT-CATEGORY ASSIGNMENTS
--------------------------------------------------------------------------------
Akeneo Product-Category Links: 47295
Magento Product-Category Links: 46190
✓ Category assignments are consistent (±5%)

--------------------------------------------------------------------------------
4. ATTRIBUTE VALUES SYNCHRONIZATION
--------------------------------------------------------------------------------
Key Attribute Population in Magento:
  ✓ name           :  9538 products (100.0%)
  ✓ price          :  9537 products (100.0%)
  ✓ description    :  9528 products ( 99.9%)

--------------------------------------------------------------------------------
5. PRICE DATA INTEGRITY
--------------------------------------------------------------------------------
Products with Price: 9537 / 9538 (100%)
Price Range: 0.00 - 295,000.00
Average Price: 2,144.25
✓ Excellent price coverage

--------------------------------------------------------------------------------
6. STOCK/INVENTORY STATUS
--------------------------------------------------------------------------------
Products In Stock: 9538 / 9538 (100%)
Average Quantity: 8230.87
✓ Stock status configured

--------------------------------------------------------------------------------
7. URL REWRITES AND SEO DATA
--------------------------------------------------------------------------------
Products with URL Rewrites: 60344 / 9538 (632.7%)
✓ Excellent URL rewrite coverage

--------------------------------------------------------------------------------
8. MAGENTO INDEXES STATUS
--------------------------------------------------------------------------------
