========================================
Fixing CSS and Styles Issues
Date: Fri May  1 00:18:17 CET 2026
========================================

Step 1: Analyzing current CSS configuration...
Webpack dist directory size:
33M	public/dist
CSS files in bundles:
0

Step 2: Checking for CSS-in-JS configuration...
⚠ No CSS-in-JS configuration found

Step 3: Checking for LESS/SASS...
LESS files found: 0
SCSS files found: 0

Step 4: Installing Symfony assets...

Step 5: Creating basic PIM stylesheet...
✓ Created basic pim.css stylesheet

Step 6: Checking webpack configuration...
⚠ No webpack.config.js found

Step 7: Clearing and warming cache...

Step 8: Verifying CSS fix...
✓ public/css/pim.css exists (2501 bytes)
Total CSS files in public/: 2

Step 9: Testing CSS accessibility...
HTTP response for /css/pim.css: 200
✓ CSS file accessible

========================================
CSS Fix Complete
Log saved to: webapp/logs/css_fix_20260501_001817.log
========================================
