=== DAILY SYSTEM MONITOR ===
Timestamp: 2026-04-26 16:33:56

[1/8] Checking Akeneo PIM Accessibility...
  ✅ Akeneo PIM accessible

[2/8] Checking Magento Beta Accessibility...
  ✅ Magento Beta accessible

[3/8] Checking Elasticsearch Health...
  ✅ Elasticsearch status: yellow

[4/8] Checking Akeneo Product Count...
  Products: 9538
  ✅ Product count correct

[5/8] Checking Elasticsearch Index...
  Indexed: 9538
  ✅ Index count correct

[6/8] Checking Magento Product Count...
  Enabled Products: 9538
  ✅ Magento product count correct

[7/8] Checking Disk Space...
  Disk Usage: 19%
  ✅ Disk space OK

[8/8] Checking Recent Errors...
  Recent errors in log: 132
  ⚠️  High error count

=== MONITORING COMPLETE ===
Log saved to: /home/pim/public_html/webapp/logs/daily_monitor_20260426.log

