=========================================
  DATA QUALITY CHECKER
=========================================
Date: 2026-04-29 18:43:12

✓ Database connected

CHECK 1: Duplicate Product Identifiers
─────────────────────────────────────────
✓ No duplicate SKUs found

CHECK 2: Products Without Family
─────────────────────────────────────────
✓ All products have family assignment

CHECK 3: Disabled Products
─────────────────────────────────────────
✓ All products are enabled

CHECK 4: Products Without Categories
─────────────────────────────────────────
✓ All products have category assignment

CHECK 5: Image Path Validation
─────────────────────────────────────────
✓ All checked products have images (100 checked)

CHECK 6: Empty or Invalid Identifiers
─────────────────────────────────────────
✓ All product identifiers are valid

=========================================
  SUMMARY
=========================================

Total issues found: 0

✓ No data quality issues found!
Catalog data integrity is excellent.

✓ Report saved: /home/pim/public_html/webapp/logs/data_quality_2026-04-29_184312.json

=========================================
✓ Data quality check complete!
=========================================
