=== AKENEO DATA INSIGHTS & ECOMMERCE DATA CHECKER ===
Date: 2026-04-29 19:19:42

✅ Database connected

--- 1. PRODUCT MODELS ANALYSIS ---
Total Product Models: 418
Sample Product Models:
  - Code: pm_cc31b86c758623ca, Family Variant: products_by_type, Parent: 
  - Code: pm_6287997fe9a01043, Family Variant: products_by_type, Parent: 
  - Code: pm_a06e32d006424f45, Family Variant: products_by_type, Parent: 
  - Code: pm_e789597ad58901f3, Family Variant: products_by_type, Parent: 
  - Code: pm_0c39eb267a16260b, Family Variant: products_by_type, Parent: 
  - Code: pm_f7523757ac88ef6c, Family Variant: products_by_type, Parent: 
  - Code: pm_2c73a3eac555ca3d, Family Variant: products_by_type, Parent: 
  - Code: pm_12ca259280f42d77, Family Variant: products_by_type, Parent: 
  - Code: pm_d85900ac0edce8d9, Family Variant: products_by_type, Parent: 
  - Code: pm_988f3fd5b1625770, Family Variant: products_by_type, Parent: 

--- 2. CATEGORIES ANALYSIS ---
Total Categories: 166
Sample Categories:
  - Code: master, Level: 0, Label: Master catalog, Root: 1, Parent: 
  - Code: cat_2234, Level: 1, Label:  CARNETS & NOTES, Root: 1, Parent: 1
  - Code: cat_2121, Level: 2, Label: A LA UNE, Root: 1, Parent: 1
  - Code: cat_2123, Level: 2, Label: MEILLEUR VENTES, Root: 1, Parent: 1
  - Code: cat_2172, Level: 2, Label: Made in Algeria, Root: 1, Parent: 1
  - Code: cat_2214, Level: 2, Label: CAHIER & REGISTRE, Root: 1, Parent: 1
  - Code: cat_2374, Level: 2, Label: Promo Rentree Univ, Root: 1, Parent: 1
  - Code: cat_3, Level: 2, Label: Tous les produits, Root: 1, Parent: 1
  - Code: cat_11, Level: 3, Label: LOISIRS CREATIFS, Root: 1, Parent: 13
  - Code: cat_115, Level: 3, Label: BRICOLAGE, Root: 1, Parent: 13
  - Code: cat_1345, Level: 3, Label: TECHNIQUE, Root: 1, Parent: 13
  - Code: cat_14, Level: 3, Label: BEAUX ARTS, Root: 1, Parent: 13
  - Code: cat_1968, Level: 3, Label: MAPED, Root: 1, Parent: 1
  - Code: cat_21, Level: 3, Label: BUREAUTIQUE & INFORMATIQUE, Root: 1, Parent: 13
  - Code: cat_2127, Level: 3, Label: BEAUX ART, Root: 1, Parent: 1
  - Code: cat_2224, Level: 3, Label: BUREAUTIQUE & INFORMATIQUE, Root: 1, Parent: 13
  - Code: cat_320, Level: 3, Label: SAC A DOS SCOLAIRES TIGER FAMILY GARÇON, Root: 1, Parent: 1
  - Code: cat_321, Level: 3, Label: SAC A DOS SCOLAIRES TIGER FAMILY FILLE, Root: 1, Parent: 1
  - Code: cat_770, Level: 3, Label: ECRITURE & COLORIAGE, Root: 1, Parent: 13
  - Code: cat_8, Level: 3, Label: SCOLAIRE, Root: 1, Parent: 13

--- 3. PRODUCT-CATEGORY ASSIGNMENTS ---
Products assigned to categories: 9538
Products WITHOUT categories (orphans): 0

--- 4. ECOMMERCE ATTRIBUTES CHECK ---
  ✅ price exists (type: pim_catalog_price_collection)
  ✅ description exists (type: pim_catalog_textarea)
  ✅ short_description exists (type: pim_catalog_textarea)
  ✅ ean exists (type: pim_catalog_text)
  ✅ weight exists (type: pim_catalog_metric)
  ✅ image exists (type: pim_catalog_image)
  ✅ thumbnail exists (type: pim_catalog_image)

--- 5. CHANNELS (ECOMMERCE SCOPE) ---
Available Channels:
  - Channel: ecommerce, Root Category: 1
  - Channel: jde_edwards, Root Category: 1
  - Channel: cegid_erp, Root Category: 1

--- 6. LOCALES ---
Available Locales:
  - af_ZA (Inactive)
  - am_ET (Inactive)
  - ar_AE (Inactive)
  - ar_BH (Inactive)
  - ar_DZ (Inactive)
  - ar_EG (Inactive)
  - ar_IQ (Inactive)
  - ar_JO (Inactive)
  - ar_KW (Inactive)
  - ar_LB (Inactive)
  - ar_LY (Inactive)
  - ar_MA (Inactive)
  - arn_CL (Inactive)
  - ar_OM (Inactive)
  - ar_QA (Inactive)
  - ar_SA (Inactive)
  - ar_SY (Inactive)
  - ar_TN (Inactive)
  - ar_YE (Inactive)
  - as_IN (Inactive)
  - az_Cyrl_AZ (Inactive)
  - az_Latn_AZ (Inactive)
  - ba_RU (Inactive)
  - be_BY (Inactive)
  - bg_BG (Inactive)
  - bn_BD (Inactive)
  - bn_IN (Inactive)
  - bo_CN (Inactive)
  - br_FR (Inactive)
  - bs_Cyrl_BA (Inactive)
  - bs_Latn_BA (Inactive)
  - ca_ES (Inactive)
  - co_FR (Inactive)
  - cs_CZ (Inactive)
  - cy_GB (Inactive)
  - da_DK (Inactive)
  - de_AT (Inactive)
  - de_CH (Inactive)
  - de_DE (Inactive)
  - de_LI (Inactive)
  - de_LU (Inactive)
  - dsb_DE (Inactive)
  - dv_MV (Inactive)
  - el_GR (Inactive)
  - en_029 (Inactive)
  - en_AU (Inactive)
  - en_BZ (Inactive)
  - en_CA (Inactive)
  - en_GB (Inactive)
  - en_IE (Inactive)
  - en_IN (Inactive)
  - en_JM (Inactive)
  - en_MY (Inactive)
  - en_NZ (Inactive)
  - en_PH (Inactive)
  - en_SG (Inactive)
  - en_TT (Inactive)
  - en_US (Inactive)
  - en_ZA (Inactive)
  - en_ZW (Inactive)
  - es_AR (Inactive)
  - es_BO (Inactive)
  - es_CL (Inactive)
  - es_CO (Inactive)
  - es_CR (Inactive)
  - es_DO (Inactive)
  - es_EC (Inactive)
  - es_ES (Inactive)
  - es_GT (Inactive)
  - es_HN (Inactive)
  - es_MX (Inactive)
  - es_NI (Inactive)
  - es_PA (Inactive)
  - es_PE (Inactive)
  - es_PR (Inactive)
  - es_PY (Inactive)
  - es_SV (Inactive)
  - es_US (Inactive)
  - es_UY (Inactive)
  - es_VE (Inactive)
  - et_EE (Inactive)
  - eu_ES (Inactive)
  - fa_IR (Inactive)
  - fi_FI (Inactive)
  - fil_PH (Inactive)
  - fo_FO (Inactive)
  - fr_BE (Inactive)
  - fr_CA (Inactive)
  - fr_CH (Inactive)
  - fr_FR (Active)
  - fr_LU (Inactive)
  - fr_MC (Inactive)
  - fy_NL (Inactive)
  - ga_IE (Inactive)
  - gd_GB (Inactive)
  - gl_ES (Inactive)
  - gsw_FR (Inactive)
  - gu_IN (Inactive)
  - ha_Latn_NG (Inactive)
  - he_IL (Inactive)
  - hi_IN (Inactive)
  - hr_BA (Inactive)
  - hr_HR (Inactive)
  - hsb_DE (Inactive)
  - hu_HU (Inactive)
  - hy_AM (Inactive)
  - id_ID (Inactive)
  - ig_NG (Inactive)
  - ii_CN (Inactive)
  - is_IS (Inactive)
  - it_CH (Inactive)
  - it_IT (Inactive)
  - iu_Cans_CA (Inactive)
  - iu_Latn_CA (Inactive)
  - ja_JP (Inactive)
  - ka_GE (Inactive)
  - kk_KZ (Inactive)
  - kl_GL (Inactive)
  - km_KH (Inactive)
  - kn_IN (Inactive)
  - kok_IN (Inactive)
  - ko_KR (Inactive)
  - ky_KG (Inactive)
  - lb_LU (Inactive)
  - lo_LA (Inactive)
  - lt_LT (Inactive)
  - lv_LV (Inactive)
  - mi_NZ (Inactive)
  - mk_MK (Inactive)
  - ml_IN (Inactive)
  - mn_MN (Inactive)
  - mn_Mong_CN (Inactive)
  - moh_CA (Inactive)
  - mr_IN (Inactive)
  - ms_BN (Inactive)
  - ms_MY (Inactive)
  - mt_MT (Inactive)
  - nb_NO (Inactive)
  - ne_NP (Inactive)
  - nl_BE (Inactive)
  - nl_NL (Inactive)
  - nn_NO (Inactive)
  - nso_ZA (Inactive)
  - oc_FR (Inactive)
  - or_IN (Inactive)
  - pa_IN (Inactive)
  - pl_PL (Inactive)
  - prs_AF (Inactive)
  - ps_AF (Inactive)
  - pt_BR (Inactive)
  - pt_PT (Inactive)
  - qut_GT (Inactive)
  - quz_BO (Inactive)
  - quz_EC (Inactive)
  - quz_PE (Inactive)
  - rm_CH (Inactive)
  - ro_RO (Inactive)
  - ru_RU (Inactive)
  - rw_RW (Inactive)
  - sah_RU (Inactive)
  - sa_IN (Inactive)
  - se_FI (Inactive)
  - se_NO (Inactive)
  - se_SE (Inactive)
  - si_LK (Inactive)
  - sk_SK (Inactive)
  - sl_SI (Inactive)
  - sma_NO (Inactive)
  - sma_SE (Inactive)
  - smj_NO (Inactive)
  - smj_SE (Inactive)
  - smn_FI (Inactive)
  - sms_FI (Inactive)
  - sq_AL (Inactive)
  - sr_Cyrl_BA (Inactive)
  - sr_Cyrl_CS (Inactive)
  - sr_Cyrl_ME (Inactive)
  - sr_Cyrl_RS (Inactive)
  - sr_Latn_BA (Inactive)
  - sr_Latn_CS (Inactive)
  - sr_Latn_ME (Inactive)
  - sr_Latn_RS (Inactive)
  - sv_FI (Inactive)
  - sv_SE (Inactive)
  - sw_KE (Inactive)
  - syr_SY (Inactive)
  - ta_IN (Inactive)
  - te_IN (Inactive)
  - tg_Cyrl_TJ (Inactive)
  - th_TH (Inactive)
  - tk_TM (Inactive)
  - tn_ZA (Inactive)
  - tr_TR (Inactive)
  - tt_RU (Inactive)
  - tzm_Latn_DZ (Inactive)
  - ug_CN (Inactive)
  - uk_UA (Inactive)
  - ur_PK (Inactive)
  - uz_Cyrl_UZ (Inactive)
  - uz_Latn_UZ (Inactive)
  - vi_VN (Inactive)
  - wo_SN (Inactive)
  - xh_ZA (Inactive)
  - yo_NG (Inactive)
  - zh_CN (Inactive)
  - zh_HK (Inactive)
  - zh_MO (Inactive)
  - zh_SG (Inactive)
  - zh_TW (Inactive)
  - zu_ZA (Inactive)

--- 7. FAMILIES & FAMILY VARIANTS ---
Families with variants:
  - default: 0 variants
  - fournitures_bureau: 0 variants
  - papeterie: 0 variants
  - classement: 0 variants
  - ecriture: 0 variants
  - techno: 0 variants
  - scolaire: 0 variants
  - maglux: 0 variants
  - bags_sac: 0 variants
  - calculatrices: 0 variants
  - bureautique: 0 variants
  - informatique: 0 variants
  - tableau: 0 variants
  - madeinalgeria: 0 variants
  - cahier: 0 variants
  - crayons: 0 variants
  - beaux_arts: 0 variants
  - products: 1 variants

--- 8. PRODUCT COMPLETENESS ---
