[2026-04-27 20:37:58] \033[0;34mStarting platform stabilization...\033[0m
[2026-04-27 20:37:58] \033[0;34mSTEP 1: Verifying PHP configuration...\033[0m
[2026-04-27 20:37:58] PHP Version: 8.3.29
[2026-04-27 20:37:58]   ✅ Extension: pdo_mysql
[2026-04-27 20:37:58]   ✅ Extension: gd
[2026-04-27 20:37:58]   ✅ Extension: intl
[2026-04-27 20:37:58]   ✅ Extension: mbstring
[2026-04-27 20:37:58]   ✅ Extension: xml
[2026-04-27 20:37:58]   ✅ Extension: curl
[2026-04-27 20:37:58]   ✅ Extension: zip
[2026-04-27 20:37:58]   ✅ Extension: bcmath
[2026-04-27 20:37:58]   ✅ Extension: json
[2026-04-27 20:37:58]   ⚠️ APCu: Not loaded (optional, improves performance)
[2026-04-27 20:37:58] \033[0;34mSTEP 2: Verifying database connectivity...\033[0m
[2026-04-27 20:37:58]   ✅ Database connected: 9538 products
[2026-04-27 20:37:58]   ✅ Categories: 166
[2026-04-27 20:37:58]   ✅ Attributes: 112
[2026-04-27 20:37:58]   ✅ Families: 18
[2026-04-27 20:37:58] \033[0;34mSTEP 3: Verifying Elasticsearch...\033[0m
[2026-04-27 20:37:58]   ✅ Elasticsearch cluster: yellow
[2026-04-27 20:37:58]   ✅ Nodes: 1, Active primary shards: 12
[2026-04-27 20:37:58] \033[0;34mSTEP 4: Clearing and warming up cache...\033[0m
[2026-04-27 20:37:58] Clearing production cache...

 // Clearing the cache for the prod environment with debug                      
 // true                                                                        

 [OK] Cache for the "prod" environment (debug=true) was successfully cleared.   

[2026-04-27 20:38:04] ✅ Cache cleared successfully
[2026-04-27 20:38:04] \033[0;34mSTEP 5: Verifying critical console commands...\033[0m
[2026-04-27 20:38:04]   ✅ Command available: pim:installer:check-requirements
[2026-04-27 20:38:04]   ✅ Command available: pim:completeness:calculate
[2026-04-27 20:38:05]   ✅ Command available: akeneo:elasticsearch:reset-indexes
[2026-04-27 20:38:05]   ✅ Command available: cache:clear
[2026-04-27 20:38:06]   ✅ Command available: assets:install
[2026-04-27 20:38:06] \033[0;34mSTEP 6: Verifying file permissions...\033[0m
[2026-04-27 20:38:06]   ✅ Writable: var/cache
[2026-04-27 20:38:06]   ✅ Writable: var/log
[2026-04-27 20:38:06]   ✅ Writable: var/sessions
[2026-04-27 20:38:06]   ✅ Writable: var/file_storage
[2026-04-27 20:38:06]   ✅ Writable: public/bundles
[2026-04-27 20:38:06]   ✅ Writable: public/cache
[2026-04-27 20:38:06] \033[0;34mSTEP 7: Verifying deprecation fixes...\033[0m
[2026-04-27 20:38:06]   ✅ No deprecation warnings in console output
[2026-04-27 20:38:06] \033[0;34mSTEP 8: Generating platform status report...\033[0m
[2026-04-27 20:38:07] ✅ Status report saved to: /home/pim/public_html/webapp/PLATFORM_STATUS_20260427_203758.md
[2026-04-27 20:38:07] Platform Health: ✅ STABLE
[2026-04-27 20:38:07] All critical checks passed
[2026-04-27 20:38:07] Deprecation warnings: Fixed
[2026-04-27 20:38:07] Cache: Cleared and warmed
[2026-04-27 20:38:07] 
[2026-04-27 20:38:07] Platform is ready for:
[2026-04-27 20:38:07]   1. Normal production operations
[2026-04-27 20:38:07]   2. Phase 1 data quality fixes
[2026-04-27 20:38:07]   3. API integrations
[2026-04-27 20:38:07]   4. User access
[2026-04-27 20:38:07] 
[2026-04-27 20:38:07] Log file: /home/pim/public_html/webapp/logs/platform_stabilization_20260427_203758.log
[2026-04-27 20:38:07] Status report: /home/pim/public_html/webapp/PLATFORM_STATUS_20260427_203758.md
[2026-04-27 20:38:07] Completed at: 2026-04-27 20:38:07
