=== COMPREHENSIVE STABILITY AUDIT - 2026-04-29 11:12:17 ===

📊 SYSTEM HEALTH METRICS
--------------------------------------------------------------------------------
System Uptime: 12:12:17 up 23 days, 13:37,  3 users,  load average: 9.58, 11.29, 9.96
Load Average: 1min=9.58, 5min=11.29, 15min=9.96
Disk Space: 1370.15 GB free of 1826.93 GB
Memory: Mem:           31Gi        15Gi       3.3Gi       1.3Gi        12Gi        13Gi

Load Status: 🔴 CRITICAL

🗄️ DATABASE HEALTH & INTEGRITY
--------------------------------------------------------------------------------
Akeneo DB Size: 65.70 MB across 98 tables
DB Connections: 3 / 200
Slow Queries: 0

🏭 AKENEO PLATFORM STATUS
--------------------------------------------------------------------------------
Total Products: 9538
Total Attributes: 112
Total Families: 18
Total Channels: 3

🚀 VARNISH CACHE PERFORMANCE
--------------------------------------------------------------------------------
Cache Hits: 2909
Cache Misses: 4122
Hit Rate: 41.37%
Varnish Health: 🔴 NEEDS OPTIMIZATION

🚨 ERROR LOG ANALYSIS (Last 24 Hours)
--------------------------------------------------------------------------------
Critical Errors: 0
Errors: 0
Warnings: 0
Error Log Health: ✅ HEALTHY

🔄 MAGENTO SYNC STATUS
--------------------------------------------------------------------------------
Akeneo Products: 9538
Magento Products: 9538
Sync Ratio: 100%
In Stock: 9538
Sync Health: ✅ PERFECT SYNC

🌐 WEB SERVER STATUS
--------------------------------------------------------------------------------
Apache: ✅ ACTIVE
Nginx: ❌ INACTIVE
PHP-FPM: ❌ INACTIVE
Elasticsearch: ✅ ACTIVE
Varnish: ✅ ACTIVE

⚡ PERFORMANCE METRICS
--------------------------------------------------------------------------------
Database Queries/sec: 1200.94
Active Threads: 2
Database Load: 🔴 HIGH LOAD

🎯 CRITICAL ISSUES & RECOMMENDATIONS
================================================================================
🔴 CRITICAL ISSUES: 3
1. HIGH SYSTEM LOAD: 9.58 (target < 4.0)
2. LOW VARNISH HIT RATE: 41.37% (target > 80%)
3. PHP-FPM INACTIVE: Major performance degradation

📋 PRIORITY RECOMMENDATIONS:
1. P0: Enable PHP-FPM for 30-40% load reduction
2. P0: Consolidate web servers (stop either Apache or Nginx)
3. P1: Optimize MariaDB buffer pool settings
4. P1: Review Varnish VCL configuration
5. P1: Increase cache TTL for static assets
6. P0: URGENT - Enable PHP-FPM immediately

================================================================================
OVERALL PLATFORM HEALTH: 30/100 (Grade: F)
Status: 🔴 REQUIRES IMMEDIATE ATTENTION

=== AUDIT COMPLETE ===
Report saved to: /home/pim/public_html/webapp/logs/stability_audit_20260429_111217.log
