[0;32m[2026-04-21 23:59:47][0m Starting Akeneo PIM Comprehensive Audit
[0;32m[2026-04-21 23:59:47][0m Audit log: /home/pim/public_html/pim_audit_20260421_235947.log
[0;32m[2026-04-21 23:59:47][0m ==========================================
[0;32m[2026-04-21 23:59:47][0m === SECTION 1: ENVIRONMENT AUDIT ===
[0;34m[INFO][0m PHP Version:
PHP 8.3.29 (cli) (built: Dec 18 2025 21:02:59) (NTS)
[0;34m[INFO][0m Checking PHP extensions...
[0;32m[2026-04-21 23:59:47][0m   ✓ pdo_mysql: INSTALLED
[0;32m[2026-04-21 23:59:47][0m   ✓ gd: INSTALLED
[0;32m[2026-04-21 23:59:47][0m   ✓ intl: INSTALLED
[0;31m[ERROR][0m   ✗ opcache: MISSING
[0;31m[ERROR][0m   ✗ apcu: MISSING
[0;32m[2026-04-21 23:59:48][0m   ✓ bcmath: INSTALLED
[0;32m[2026-04-21 23:59:48][0m   ✓ xml: INSTALLED
[0;32m[2026-04-21 23:59:48][0m   ✓ zip: INSTALLED
[0;32m[2026-04-21 23:59:48][0m   ✓ curl: INSTALLED
[0;32m[2026-04-21 23:59:48][0m   ✓ mbstring: INSTALLED
[0;32m[2026-04-21 23:59:48][0m   ✓ json: INSTALLED
[0;34m[INFO][0m Composer version:
Composer version 2.8.12 2025-09-19 13:41:59
[0;34m[INFO][0m Node.js version:
v20.20.0
[0;34m[INFO][0m Disk usage:
Filesystem      Size  Used Avail Use% Mounted on
/dev/sda2       1.8T  565G  1.2T  33% /

[0;32m[2026-04-21 23:59:48][0m === SECTION 2: DATABASE AUDIT ===
[0;34m[INFO][0m Database: akeneo_pim on 127.0.0.1:3307
[0;31m[ERROR][0m ✗ Database connection: FAILED

[0;32m[2026-04-21 23:59:48][0m === SECTION 3: LOG FILES AUDIT ===
[1;33m[WARNING][0m Main error_log size: 133M
[0;34m[INFO][0m Recent error patterns (last 1000 lines):
   1000 Deprecated
[0;34m[INFO][0m Akeneo log files:
113M	/home/pim/public_html/var/logs/prod.log
69M	/home/pim/public_html/var/logs/prod.log.20260330_backup
19M	/home/pim/public_html/var/logs/cron_messenger.log
18M	/home/pim/public_html/var/logs/batch
9.3M	/home/pim/public_html/var/logs/messenger_webhook.log
2.8M	/home/pim/public_html/var/logs/messenger_ui.log
1.5M	/home/pim/public_html/var/logs/messenger_maintenance.log
1.4M	/home/pim/public_html/var/logs/messenger_import_export.log
620K	/home/pim/public_html/var/logs/cron_dqi.log
180K	/home/pim/public_html/var/logs/cron_sync_20260331_020001.log
[0;34m[INFO][0m Recent prod.log errors:
[2026-04-21 22:22:51] request.ERROR: Uncaught PHP Exception Symfony\Component\HttpKernel\Exception\HttpException: "Full authentication is required to access this resource." at /home/pim/public_html/vendor/symfony/security-http/Firewall/ExceptionListener.php line 248 {"exception":"[object] (Symfony\\Component\\HttpKernel\\Exception\\HttpException(code: 0): Full authentication is required to access this resource. at /home/pim/public_html/vendor/symfony/security-http/Firewall/ExceptionListener.php:248, Symfony\\Component\\Security\\Core\\Exception\\InsufficientAuthenticationException(code: 0): Full authentication is required to access this resource. at /home/pim/public_html/vendor/symfony/security-http/Firewall/ExceptionListener.php:147, Symfony\\Component\\Security\\Core\\Exception\\AccessDeniedException(code: 403): Access Denied. at /home/pim/public_html/vendor/symfony/security-http/Firewall/AccessListener.php:132)"} []
[2026-04-21 22:23:29] request.ERROR: Uncaught PHP Exception Symfony\Component\HttpKernel\Exception\HttpException: "Full authentication is required to access this resource." at /home/pim/public_html/vendor/symfony/security-http/Firewall/ExceptionListener.php line 248 {"exception":"[object] (Symfony\\Component\\HttpKernel\\Exception\\HttpException(code: 0): Full authentication is required to access this resource. at /home/pim/public_html/vendor/symfony/security-http/Firewall/ExceptionListener.php:248, Symfony\\Component\\Security\\Core\\Exception\\InsufficientAuthenticationException(code: 0): Full authentication is required to access this resource. at /home/pim/public_html/vendor/symfony/security-http/Firewall/ExceptionListener.php:147, Symfony\\Component\\Security\\Core\\Exception\\AccessDeniedException(code: 403): Access Denied. at /home/pim/public_html/vendor/symfony/security-http/Firewall/AccessListener.php:132)"} []
[2026-04-21 22:24:20] request.CRITICAL: Uncaught PHP Exception Akeneo\Platform\Bundle\InstallerBundle\Exception\UnavailableCreationTimeException: ""CREATE_TIME" not available for table "oro_user"" at /home/pim/public_html/vendor/akeneo/pim-community-dev/src/Akeneo/Platform/Bundle/InstallerBundle/InstallStatusManager/InstallStatusManager.php line 67 {"exception":"[object] (Akeneo\\Platform\\Bundle\\InstallerBundle\\Exception\\UnavailableCreationTimeException(code: 0): \"CREATE_TIME\" not available for table \"oro_user\" at /home/pim/public_html/vendor/akeneo/pim-community-dev/src/Akeneo/Platform/Bundle/InstallerBundle/InstallStatusManager/InstallStatusManager.php:67)"} []
[2026-04-21 22:24:20] request.ERROR: Uncaught PHP Exception Symfony\Component\HttpKernel\Exception\NotFoundHttpException: "No route found for "GET https://pim.technostationery.com/function%20()%20%7B%20[native%20code]%20%7D" (from "https://pim.technostationery.com/")" at /home/pim/public_html/vendor/symfony/http-kernel/EventListener/RouterListener.php line 135 {"exception":"[object] (Symfony\\Component\\HttpKernel\\Exception\\NotFoundHttpException(code: 0): No route found for \"GET https://pim.technostationery.com/function%20()%20%7B%20[native%20code]%20%7D\" (from \"https://pim.technostationery.com/\") at /home/pim/public_html/vendor/symfony/http-kernel/EventListener/RouterListener.php:135, Symfony\\Component\\Routing\\Exception\\ResourceNotFoundException(code: 0): No routes found for \"/function%20()%20%7B%20[native%20code]%20%7D/\". at /home/pim/public_html/vendor/symfony/routing/Matcher/Dumper/CompiledUrlMatcherTrait.php:74)"} []
[2026-04-21 22:51:33] request.ERROR: Uncaught PHP Exception Symfony\Component\HttpKernel\Exception\NotFoundHttpException: "No route found for "GET https://pim.technostationery.com/function%20()%20%7B%20[native%20code]%20%7D" (from "https://pim.technostationery.com/")" at /home/pim/public_html/vendor/symfony/http-kernel/EventListener/RouterListener.php line 135 {"exception":"[object] (Symfony\\Component\\HttpKernel\\Exception\\NotFoundHttpException(code: 0): No route found for \"GET https://pim.technostationery.com/function%20()%20%7B%20[native%20code]%20%7D\" (from \"https://pim.technostationery.com/\") at /home/pim/public_html/vendor/symfony/http-kernel/EventListener/RouterListener.php:135, Symfony\\Component\\Routing\\Exception\\ResourceNotFoundException(code: 0): No routes found for \"/function%20()%20%7B%20[native%20code]%20%7D/\". at /home/pim/public_html/vendor/symfony/routing/Matcher/Dumper/CompiledUrlMatcherTrait.php:74)"} []

[0;32m[2026-04-21 23:59:48][0m === SECTION 4: CONFIGURATION AUDIT ===
[0;34m[INFO][0m .env configuration:
APP_DATABASE_HOST=127.0.0.1
APP_DATABASE_NAME=akeneo_pim
APP_DATABASE_PASSWORD=akeneo_pim
APP_DATABASE_PORT=3307
APP_DATABASE_USER=akeneo_pim
APP_DEBUG=0
APP_ENV=prod
APP_INDEX_HOSTS=localhost:9200
APP_SECRET=ThisTokenIsNotSoSecretChangeIt
MAILER_URL=null://localhost?encryption=tls&auth_mode=login&username=foo&password=bar&sender_address=no-reply@example.com
[0;31m[ERROR][0m ✗ APP_SECRET is using default value - SECURITY RISK!
[0;34m[INFO][0m Elasticsearch hosts: localhost:9200
[0;32m[2026-04-21 23:59:48][0m ✓ Elasticsearch connection: SUCCESS
[1;33m[WARNING][0m Mailer is configured as null - emails won't be sent

[0;32m[2026-04-21 23:59:48][0m === SECTION 5: PERMISSIONS AUDIT ===
[0;34m[INFO][0m var/cache: 777 (pim:pim)
[0;34m[INFO][0m var/logs: 777 (pim:pim)
[1;33m[WARNING][0m var/uploads: NOT FOUND
[0;34m[INFO][0m public/media: 2777 (pim:pim)

[0;32m[2026-04-21 23:59:48][0m === SECTION 6: IDENTIFIED ISSUES ===
[0;31m[ERROR][0m Issue #3: Monolog DateTime deprecation warnings (filling error log)
