==========================================
CLOUDFLARE FREE PLAN OPTIMIZATION
Date: Wed May  6 22:34:26 CET 2026
==========================================

=== STEP 1: Check Current Firewall Events ===
{
    "success": false,
    "errors": [
        {
            "code": 7003,
            "message": "Could not route to /zones/4919ad3406fcabba381edbd543814a68/security/events, perhaps your object identifier is invalid?"
        },
        {
            "code": 7000,
            "message": "No route for that URI"
        }
    ],
    "messages": [],
    "result": null
}

=== STEP 2: List All WAF Rules ===

=== STEP 3: Check IP Access Rules ===
{
    "result": [
        {
            "id": "0110d252db5d470a99e32f18469b5e0c",
            "paused": false,
            "modified_on": "2026-05-05T23:41:24.910292Z",
            "allowed_modes": [
                "whitelist",
                "block",
                "challenge",
                "js_challenge",
                "managed_challenge"
            ],
            "mode": "block",
            "notes": "Blocked: MariaDB root login attempt",
            "configuration": {
                "target": "ip",
                "value": "64.89.163.93"
            },
            "scope": {
                "id": "4919ad3406fcabba381edbd543814a68",
                "name": "technostationery.com",
                "type": "zone"
            },
            "created_on": "2026-05-05T23:41:24.915380072Z"
        },
        {
            "id": "3b57ca9a541b46bdb5fa4cfa56176cd6",
            "paused": false,
            "modified_on": "2026-05-05T23:41:24.582511Z",
            "allowed_modes": [
                "whitelist",
                "block",
                "challenge",
                "js_challenge",
                "managed_challenge"
            ],
            "mode": "block",
            "notes": "Blocked: Persistent MariaDB root login attempts and scanning activity",
            "configuration": {
                "target": "ip",
                "value": "152.32.219.77"
            },
            "scope": {
                "id": "4919ad3406fcabba381edbd543814a68",
                "name": "technostationery.com",
                "type": "zone"
            },
            "created_on": "2026-05-05T23:41:24.586548907Z"
        }
    ],
    "success": true,
    "errors": [],
    "messages": [],
    "result_info": {
        "page": 1,
        "per_page": 25,
        "count": 2,
        "total_count": 2,
        "total_pages": 1
    }
}

=== STEP 4: Disable 'Block common scanning patterns' Rule ===
{
    "result": [
        {
            "id": "0eaeeefeb62546aeafc8b0aa4c1ee40b",
            "paused": false,
            "description": "Block common scanning patterns",
            "action": "block",
            "ref": "e29b7f0ab9b64fe389717170dc69b8bf",
            "priority": 0,
            "filter": {
                "id": "1bbdcc7b04b74e61baacc2061255d23e",
                "expression": "http.request.uri.path contains \"/phpmyadmin\" or http.request.uri.path contains \"/wp-admin\" or http.request.uri.path contains \"/.env\" or http.request.uri.path contains \"/xmlrpc.php\" or http.request.uri.path contains \"/administrator\"",
                "paused": false,
                "description": "Block common scanning patterns"
            },
            "created_on": "2026-05-05T23:46:30Z",
            "modified_on": "2026-05-06T21:34:27Z"
        }
    ],
    "success": true,
    "errors": [],
    "messages": []
}

=== STEP 5: Set Optimal Free Plan Settings ===
Setting Always Use HTTPS: OFF
        "value": "off",
    "success": true,

Setting Automatic HTTPS Rewrites: ON
        "value": "on",
    "success": true,

Setting Brotli: ON
        "value": "on",
    "success": true,

Setting Browser Cache TTL: 14400 (4 hours)
        "value": 14400,
    "success": true,

Setting Cache Level: standard
        "value": "basic",
    "success": true,

Setting Challenge Passage: 30
        "value": 1800,
    "success": true,

Setting Email Obfuscation: ON
        "value": "on",
    "success": true,

Setting Hotlink Protection: OFF
        "value": "off",
    "success": true,

Setting IP Geolocation: ON
        "value": "on",
    "success": true,

Setting Minification: JS + CSS + HTML
        "value": {
    "success": true,

Setting Opportunistic Encryption: ON
        "value": "on",
    "success": true,

Setting Rocket Loader: OFF
        "value": "off",
    "success": true,

Setting Security Level: essentially_off
        "value": "essentially_off",
    "success": true,

Setting Server Side Excludes: ON
        "value": "on",
    "success": true,

Setting SSL: full
        "value": "full",
    "success": true,

Setting TLS 1.3: on
        "value": "on",
    "success": true,

Setting WAF: off
        "value": "off",
    "success": true,

Setting WebSockets: ON
        "value": "on",
    "success": true,

=== STEP 6: Create Page Rules for Each Site ===
Listing existing page rules...
            "id": "7ee03312aba5d7029d1b1075b952c794",
                        "value": "*technostationery.com/sysadminy*"
                    "id": "cache_level",
                    "value": "bypass"
            "priority": 3,
            "id": "149e17356e9540ada7cb827aab045d3c",
                        "value": "*www.technostationery.com/*"
                    "id": "browser_cache_ttl",
                    "value": 86400
                    "id": "cache_level",
                    "value": "cache_everything"
                    "id": "edge_cache_ttl",
                    "value": 86400
            "priority": 2,
            "id": "31d749a142d7c62f83b1c8cbdc0bb875",
                        "value": "*dashboard.technostationery.com/*"
                    "id": "cache_level",
                    "value": "bypass"
            "priority": 1,

Creating page rule for PIM login/admin...
    "success": false,

Creating page rule for PIM static assets...
    "success": false,

=== STEP 7: Purge All Cache ===
{
    "success": true,
    "errors": [],
    "messages": [],
    "result": {
        "id": "4919ad3406fcabba381edbd543814a68"
    }
}

=== STEP 8: Final Test ===
Testing https://pim.technostationery.com/
  % Total    % Received % Xferd  Average Speed   Time    Time     Time  Current
                                 Dload  Upload   Total   Spent    Left  Speed
  0     0    0     0    0     0      0      0 --:--:-- --:--:-- --:--:--     0  0     0    0     0    0     0      0      0 --:--:-- --:--:-- --:--:--     0
HTTP/2 403 
date: Wed, 06 May 2026 21:34:43 GMT
content-type: text/html; charset=iso-8859-1
server: cloudflare
nel: {"report_to":"cf-nel","success_fraction":0.0,"max_age":604800}
cf-cache-status: DYNAMIC
speculation-rules: "/cdn-cgi/speculation"
report-to: {"group":"cf-nel","max_age":604800,"endpoints":[{"url":"https://a.nel.cloudflare.com/report/v4?s=AHKdkrM0w7waMMVMOOLHqJGq6taP%2B%2FfSlhypPR85rXlgdo52VJGHDRfYVoGIO5F3BBg%2FJMnPeuldeovdni4kEnX8vTRhUUdMqXNPGoFlr9WN8f%2FKSt0XhOc1JDrYOXgfOl2vz58xoHzLHoQ%3D"}]}
cf-ray: 9f7b1c53083f4adb-LAX
alt-svc: h3=":443"; ma=86400


==========================================
CLOUDFLARE OPTIMIZATION COMPLETE
==========================================

Changes Applied:
  ✅ Security Level: essentially_off (lowest)
  ✅ WAF: disabled
  ✅ Firewall rule 'Block common scanning patterns': paused
  ✅ SSL: full (not strict)
  ✅ Browser Cache: 4 hours
  ✅ Brotli compression: enabled
  ✅ Minify JS/CSS/HTML: enabled
  ✅ Rocket Loader: disabled (for compatibility)
  ✅ Development Mode: enabled (3 hours)
  ✅ Page Rules: Created for PIM

Architecture:
  Client → Cloudflare (optimized) → Apache:80 → PHP-FPM
  (Optional: Enable Varnish:8080 for better performance)

==========================================
