=== FIX CORRUPTED PRODUCT DATA ===
Date: 2026-04-29 19:33:22

✅ Database connected

--- 1. CHECKING PRODUCT RAW_VALUES STRUCTURE ---
Sample products raw_values structure:
  ⚠️  SKU 1140619022: Contains string values (expected arrays)
  ⚠️  SKU 1140619023: Contains string values (expected arrays)
  ⚠️  SKU 1140619024: Contains string values (expected arrays)
  ⚠️  SKU 1140619025: Contains string values (expected arrays)
  ⚠️  SKU 1140619026: Contains string values (expected arrays)

⚠️  Found malformed data in sample. Checking full catalog...
Products with raw_values: 9538

--- 2. FIXING EMPTY/NULL PRICE VALUES ---
Looking for products with null/empty price values...
Found 9538 products with null/empty prices
⚠️  Note: Null prices are valid for incomplete products.
   Completeness calculation handles these automatically.

--- 3. IDENTIFYING CORRUPTED RAW_VALUES ---
Found 10 products with potentially corrupted raw_values:
  - SKU: 111823436, Sample: {"name": [{"locale": "fr_FR", "scope": null, "data": "Taille-crayons advanced 1 ...
  - SKU: /, Sample: {"name": [{"locale": "fr_FR", "scope": null, "data": "Colle stick en baton \"tec...
  - SKU: 1140663714, Sample: {"name": [{"locale": "fr_FR", "scope": null, "data": "Crayons de couleur classic...
  - SKU: 1140663713, Sample: {"name": [{"locale": "fr_FR", "scope": null, "data": "Crayons de couleur classic...
  - SKU: 1140665941, Sample: {"name": [{"locale": "fr_FR", "scope": null, "data": "Kit creative tips arty bla...
  - SKU: 1140665939, Sample: {"name": [{"locale": "fr_FR", "scope": null, "data": "Feutre pointe fine 88 boit...
  - SKU: 1140665943, Sample: {"name": [{"locale": "fr_FR", "scope": null, "data": "Kit creative tips arty urb...
  - SKU: 1140665940, Sample: {"name": [{"locale": "fr_FR", "scope": null, "data": "Kit creatif creative tips ...
  - SKU: 1140665942, Sample: {"name": [{"locale": "fr_FR", "scope": null, "data": "Kit creative tips arty sha...
  - SKU: 1140658097, Sample: {"name": [{"locale": "fr_FR", "scope": null, "data": "Surligneur boss ju schnee ...

--- 4. CHECKING REQUIRED ATTRIBUTES ---
Required attributes: 0

--- 5. VALIDATING FAMILY ATTRIBUTE ASSIGNMENTS ---
✅ All families have sufficient attributes assigned

--- 6. EMPTY CATEGORIES ANALYSIS ---
Empty categories (no products): 10
  - master (Level 0)
  - cat_2770 (Level 5)
  - cat_919 (Level 5)
  - cat_2769 (Level 5)
  - cat_1694 (Level 5)
  - cat_2124 (Level 5)
  - cat_2218 (Level 5)
  - cat_2221 (Level 5)
  - cat_402 (Level 5)
  - cat_426 (Level 5)

💡 Recommendation: These categories can be:
   - Left empty for future use
   - Deleted if no longer needed
   - Used as parent categories only

=== SUMMARY & RECOMMENDATIONS ===
Issues found: 15
Fixes applied: 0

🔧 RECOMMENDED ACTIONS:

1. Recalculate completeness with error handling:
   cd /home/pim/public_html
   php bin/console pim:completeness:calculate --env=prod 2>&1 | tee completeness_fix.log

2. If completeness fails, clean product cache:
   php bin/console cache:pool:clear cache.doctrine
   php bin/console cache:clear --env=prod

3. For corrupted raw_values, consider re-importing affected products

4. Monitor logs for recurring issues:
   tail -f /home/pim/public_html/var/logs/prod.log

📝 Detailed log: fix_corrupted_data_20260429_193322.log
✅ Analysis complete!
