yarn run v1.22.22
$ yarn requirements && yarn generate-models && NODE_OPTIONS=--openssl-legacy-provider NODE_PATH=node_modules webpack --config $npm_package_config_source/webpack.config.js --env=prod
$ node $npm_package_config_source/frontend/build/check-requirements.js
Checking PIM frontend requirements
$ node $npm_package_config_source/frontend/build/generate-models.js || echo 'Skipping model generation temporarily'
node:internal/modules/cjs/loader:1386
  throw err;
  ^

Error: Cannot find module '/home/pim/public_html/vendor/akeneo/pim-community-dev/frontend/build/generate-models.js'
    at Function._resolveFilename (node:internal/modules/cjs/loader:1383:15)
    at defaultResolveImpl (node:internal/modules/cjs/loader:1025:19)
    at resolveForCJSWithHooks (node:internal/modules/cjs/loader:1030:22)
    at Function._load (node:internal/modules/cjs/loader:1192:37)
    at TracingChannel.traceSync (node:diagnostics_channel:328:14)
    at wrapModuleLoad (node:internal/modules/cjs/loader:237:24)
    at Function.executeUserEntryPoint [as runMain] (node:internal/modules/run_main:171:5)
    at node:internal/main/run_main_module:36:49 {
  code: 'MODULE_NOT_FOUND',
  requireStack: []
}

Node.js v22.22.2
Skipping model generation temporarily
Starting webpack from /home/pim/public_html in prod mode 
[webpack-cli] Invalid configuration object. Webpack has been initialized using a configuration object that does not match the API schema.
 - configuration.module.rules[10] has an unknown property 'loaders'. These properties are valid:
   object { assert?, compiler?, dependency?, descriptionData?, enforce?, exclude?, extractSourceMap?, generator?, include?, issuer?, issuerLayer?, layer?, loader?, mimetype?, oneOf?, options?, parser?, realResource?, resolve?, resource?, resourceFragment?, resourceQuery?, rules?, scheme?, sideEffects?, test?, type?, use?, with? }
   -> A rule description with conditions and effects for modules.
 - configuration.stats has an unknown property 'maxModules'. These properties are valid:
   object { all?, assets?, assetsSort?, assetsSpace?, builtAt?, cached?, cachedAssets?, cachedModules?, children?, chunkGroupAuxiliary?, chunkGroupChildren?, chunkGroupMaxAssets?, chunkGroups?, chunkModules?, chunkModulesSpace?, chunkOrigins?, chunkRelations?, chunks?, chunksSort?, colors?, context?, dependentModules?, depth?, entrypoints?, env?, errorCause?, errorDetails?, errorErrors?, errorStack?, errors?, errorsCount?, errorsSpace?, exclude?, excludeAssets?, excludeModules?, groupAssetsByChunk?, groupAssetsByEmitStatus?, groupAssetsByExtension?, groupAssetsByInfo?, groupAssetsByPath?, groupModulesByAttributes?, groupModulesByCacheStatus?, groupModulesByExtension?, groupModulesByLayer?, groupModulesByPath?, groupModulesByType?, groupReasonsByOrigin?, hash?, ids?, logging?, loggingDebug?, loggingTrace?, moduleAssets?, moduleTrace?, modules?, modulesSort?, modulesSpace?, nestedModules?, nestedModulesSpace?, optimizationBailout?, orphanModules?, outputPath?, performance?, preset?, providedExports?, publicPath?, reasons?, reasonsSpace?, relatedAssets?, runtime?, runtimeModules?, source?, timings?, usedExports?, version?, warnings?, warningsCount?, warningsFilter?, warningsSpace? }
   -> Stats options object.
error Command failed with exit code 2.
info Visit https://yarnpkg.com/en/docs/cli/run for documentation about this command.
