internal/modules/cjs/loader.js:888
  throw err;
  ^

Error: Cannot find module 'node:events'
Require stack:
- /usr/lib/node_modules/webpack-cli/node_modules/commander/lib/command.js
- /usr/lib/node_modules/webpack-cli/node_modules/commander/index.js
- /usr/lib/node_modules/webpack-cli/lib/webpack-cli.js
- /usr/lib/node_modules/webpack-cli/lib/bootstrap.js
- /usr/lib/node_modules/webpack-cli/bin/cli.js
- /usr/lib/node_modules/webpack/bin/webpack.js
    at Function.Module._resolveFilename (internal/modules/cjs/loader.js:885:15)
    at Function.Module._load (internal/modules/cjs/loader.js:730:27)
    at Module.require (internal/modules/cjs/loader.js:957:19)
    at require (internal/modules/cjs/helpers.js:88:18)
    at Object.<anonymous> (/usr/lib/node_modules/webpack-cli/node_modules/commander/lib/command.js:1:22)
    at Module._compile (internal/modules/cjs/loader.js:1068:30)
    at Object.Module._extensions..js (internal/modules/cjs/loader.js:1097:10)
    at Module.load (internal/modules/cjs/loader.js:933:32)
    at Function.Module._load (internal/modules/cjs/loader.js:774:14)
    at Module.require (internal/modules/cjs/loader.js:957:19) {
  code: 'MODULE_NOT_FOUND',
  requireStack: [
    '/usr/lib/node_modules/webpack-cli/node_modules/commander/lib/command.js',
    '/usr/lib/node_modules/webpack-cli/node_modules/commander/index.js',
    '/usr/lib/node_modules/webpack-cli/lib/webpack-cli.js',
    '/usr/lib/node_modules/webpack-cli/lib/bootstrap.js',
    '/usr/lib/node_modules/webpack-cli/bin/cli.js',
    '/usr/lib/node_modules/webpack/bin/webpack.js'
  ]
}
